2026-07-12 20:25:40.381 [background-preinit] INFO  o.h.validator.internal.util.Version - HV000001: Hibernate Validator 8.0.3.Final
2026-07-12 20:25:40.479 [main] INFO  c.a.leather.AiatelyeApplication - Starting AiatelyeApplication using Java 21.0.8 with PID 15896 (D:\My_project_Spring\Aiatelye\Aiatelye\build\classes\java\main started by elcin in D:\My_project_Spring\Aiatelye\Aiatelye)
2026-07-12 20:25:40.480 [main] INFO  c.a.leather.AiatelyeApplication - No active profile set, falling back to 1 default profile: "default"
2026-07-12 20:26:04.034 [main] INFO  o.s.d.r.c.RepositoryConfigurationDelegate - Multiple Spring Data modules found, entering strict repository configuration mode
2026-07-12 20:26:04.038 [main] INFO  o.s.d.r.c.RepositoryConfigurationDelegate - Bootstrapping Spring Data JPA repositories in DEFAULT mode.
2026-07-12 20:26:05.409 [main] INFO  o.s.d.r.c.RepositoryConfigurationDelegate - Finished Spring Data repository scanning in 1349 ms. Found 16 JPA repository interfaces.
2026-07-12 20:26:05.471 [main] INFO  o.s.d.r.c.RepositoryConfigurationDelegate - Multiple Spring Data modules found, entering strict repository configuration mode
2026-07-12 20:26:05.474 [main] INFO  o.s.d.r.c.RepositoryConfigurationDelegate - Bootstrapping Spring Data Redis repositories in DEFAULT mode.
2026-07-12 20:26:05.580 [main] INFO  o.s.d.r.c.RepositoryConfigurationExtensionSupport - Spring Data Redis - Could not safely identify store assignment for repository candidate interface com.aiatelye.leather.repository.CustomDesignRepository; If you want this repository to be a Redis repository, consider annotating your entities with one of these annotations: org.springframework.data.redis.core.RedisHash (preferred), or consider extending one of the following types with your repository: org.springframework.data.keyvalue.repository.KeyValueRepository
2026-07-12 20:26:05.581 [main] INFO  o.s.d.r.c.RepositoryConfigurationExtensionSupport - Spring Data Redis - Could not safely identify store assignment for repository candidate interface com.aiatelye.leather.repository.DeliveryCountryConfigRepository; If you want this repository to be a Redis repository, consider annotating your entities with one of these annotations: org.springframework.data.redis.core.RedisHash (preferred), or consider extending one of the following types with your repository: org.springframework.data.keyvalue.repository.KeyValueRepository
2026-07-12 20:26:05.583 [main] INFO  o.s.d.r.c.RepositoryConfigurationExtensionSupport - Spring Data Redis - Could not safely identify store assignment for repository candidate interface com.aiatelye.leather.repository.LeatherGradeRepository; If you want this repository to be a Redis repository, consider annotating your entities with one of these annotations: org.springframework.data.redis.core.RedisHash (preferred), or consider extending one of the following types with your repository: org.springframework.data.keyvalue.repository.KeyValueRepository
2026-07-12 20:26:05.583 [main] INFO  o.s.d.r.c.RepositoryConfigurationExtensionSupport - Spring Data Redis - Could not safely identify store assignment for repository candidate interface com.aiatelye.leather.repository.LeatherRepository; If you want this repository to be a Redis repository, consider annotating your entities with one of these annotations: org.springframework.data.redis.core.RedisHash (preferred), or consider extending one of the following types with your repository: org.springframework.data.keyvalue.repository.KeyValueRepository
2026-07-12 20:26:05.585 [main] INFO  o.s.d.r.c.RepositoryConfigurationExtensionSupport - Spring Data Redis - Could not safely identify store assignment for repository candidate interface com.aiatelye.leather.repository.OrderItemRepository; If you want this repository to be a Redis repository, consider annotating your entities with one of these annotations: org.springframework.data.redis.core.RedisHash (preferred), or consider extending one of the following types with your repository: org.springframework.data.keyvalue.repository.KeyValueRepository
2026-07-12 20:26:05.587 [main] INFO  o.s.d.r.c.RepositoryConfigurationExtensionSupport - Spring Data Redis - Could not safely identify store assignment for repository candidate interface com.aiatelye.leather.repository.OrderRepository; If you want this repository to be a Redis repository, consider annotating your entities with one of these annotations: org.springframework.data.redis.core.RedisHash (preferred), or consider extending one of the following types with your repository: org.springframework.data.keyvalue.repository.KeyValueRepository
2026-07-12 20:26:07.237 [main] INFO  o.s.d.r.c.RepositoryConfigurationExtensionSupport - Spring Data Redis - Could not safely identify store assignment for repository candidate interface com.aiatelye.leather.repository.PasswordResetTokenRepository; If you want this repository to be a Redis repository, consider annotating your entities with one of these annotations: org.springframework.data.redis.core.RedisHash (preferred), or consider extending one of the following types with your repository: org.springframework.data.keyvalue.repository.KeyValueRepository
2026-07-12 20:26:07.238 [main] INFO  o.s.d.r.c.RepositoryConfigurationExtensionSupport - Spring Data Redis - Could not safely identify store assignment for repository candidate interface com.aiatelye.leather.repository.PaymentRepository; If you want this repository to be a Redis repository, consider annotating your entities with one of these annotations: org.springframework.data.redis.core.RedisHash (preferred), or consider extending one of the following types with your repository: org.springframework.data.keyvalue.repository.KeyValueRepository
2026-07-12 20:26:07.239 [main] INFO  o.s.d.r.c.RepositoryConfigurationExtensionSupport - Spring Data Redis - Could not safely identify store assignment for repository candidate interface com.aiatelye.leather.repository.PricingRuleRepository; If you want this repository to be a Redis repository, consider annotating your entities with one of these annotations: org.springframework.data.redis.core.RedisHash (preferred), or consider extending one of the following types with your repository: org.springframework.data.keyvalue.repository.KeyValueRepository
2026-07-12 20:26:07.239 [main] INFO  o.s.d.r.c.RepositoryConfigurationExtensionSupport - Spring Data Redis - Could not safely identify store assignment for repository candidate interface com.aiatelye.leather.repository.ProductGradePriceRepository; If you want this repository to be a Redis repository, consider annotating your entities with one of these annotations: org.springframework.data.redis.core.RedisHash (preferred), or consider extending one of the following types with your repository: org.springframework.data.keyvalue.repository.KeyValueRepository
2026-07-12 20:26:07.240 [main] INFO  o.s.d.r.c.RepositoryConfigurationExtensionSupport - Spring Data Redis - Could not safely identify store assignment for repository candidate interface com.aiatelye.leather.repository.ProductImageRepository; If you want this repository to be a Redis repository, consider annotating your entities with one of these annotations: org.springframework.data.redis.core.RedisHash (preferred), or consider extending one of the following types with your repository: org.springframework.data.keyvalue.repository.KeyValueRepository
2026-07-12 20:26:07.240 [main] INFO  o.s.d.r.c.RepositoryConfigurationExtensionSupport - Spring Data Redis - Could not safely identify store assignment for repository candidate interface com.aiatelye.leather.repository.ProductModelRepository; If you want this repository to be a Redis repository, consider annotating your entities with one of these annotations: org.springframework.data.redis.core.RedisHash (preferred), or consider extending one of the following types with your repository: org.springframework.data.keyvalue.repository.KeyValueRepository
2026-07-12 20:26:07.241 [main] INFO  o.s.d.r.c.RepositoryConfigurationExtensionSupport - Spring Data Redis - Could not safely identify store assignment for repository candidate interface com.aiatelye.leather.repository.ShippingLocationRepository; If you want this repository to be a Redis repository, consider annotating your entities with one of these annotations: org.springframework.data.redis.core.RedisHash (preferred), or consider extending one of the following types with your repository: org.springframework.data.keyvalue.repository.KeyValueRepository
2026-07-12 20:26:09.511 [main] INFO  o.s.d.r.c.RepositoryConfigurationExtensionSupport - Spring Data Redis - Could not safely identify store assignment for repository candidate interface com.aiatelye.leather.repository.UserLimitRepository; If you want this repository to be a Redis repository, consider annotating your entities with one of these annotations: org.springframework.data.redis.core.RedisHash (preferred), or consider extending one of the following types with your repository: org.springframework.data.keyvalue.repository.KeyValueRepository
2026-07-12 20:26:09.512 [main] INFO  o.s.d.r.c.RepositoryConfigurationExtensionSupport - Spring Data Redis - Could not safely identify store assignment for repository candidate interface com.aiatelye.leather.repository.UserRepository; If you want this repository to be a Redis repository, consider annotating your entities with one of these annotations: org.springframework.data.redis.core.RedisHash (preferred), or consider extending one of the following types with your repository: org.springframework.data.keyvalue.repository.KeyValueRepository
2026-07-12 20:26:09.512 [main] INFO  o.s.d.r.c.RepositoryConfigurationExtensionSupport - Spring Data Redis - Could not safely identify store assignment for repository candidate interface com.aiatelye.leather.Securty.repository.AuthUserRepository; If you want this repository to be a Redis repository, consider annotating your entities with one of these annotations: org.springframework.data.redis.core.RedisHash (preferred), or consider extending one of the following types with your repository: org.springframework.data.keyvalue.repository.KeyValueRepository
2026-07-12 20:26:09.513 [main] INFO  o.s.d.r.c.RepositoryConfigurationDelegate - Finished Spring Data repository scanning in 4006 ms. Found 0 Redis repository interfaces.
2026-07-12 20:26:10.682 [main] INFO  o.s.cloud.context.scope.GenericScope - BeanFactory id=35dc3c04-cf60-3a22-a864-4e0a2a33e972
2026-07-12 20:26:12.117 [main] INFO  o.s.b.w.e.tomcat.TomcatWebServer - Tomcat initialized with port 8080 (http)
2026-07-12 20:26:12.145 [main] INFO  o.a.coyote.http11.Http11NioProtocol - Initializing ProtocolHandler ["http-nio-8080"]
2026-07-12 20:26:12.150 [main] INFO  o.a.catalina.core.StandardService - Starting service [Tomcat]
2026-07-12 20:26:12.150 [main] INFO  o.a.catalina.core.StandardEngine - Starting Servlet engine: [Apache Tomcat/10.1.50]
2026-07-12 20:26:12.368 [main] INFO  o.a.c.c.C.[Tomcat].[localhost].[/] - Initializing Spring embedded WebApplicationContext
2026-07-12 20:26:12.369 [main] INFO  o.s.b.w.s.c.ServletWebServerApplicationContext - Root WebApplicationContext: initialization completed in 31710 ms
2026-07-12 20:26:12.880 [main] INFO  o.h.jpa.internal.util.LogHelper - HHH000204: Processing PersistenceUnitInfo [name: default]
2026-07-12 20:26:13.058 [main] INFO  org.hibernate.Version - HHH000412: Hibernate ORM core version 6.6.41.Final
2026-07-12 20:26:13.162 [main] INFO  o.h.c.i.RegionFactoryInitiator - HHH000026: Second-level cache disabled
2026-07-12 20:26:14.243 [main] INFO  o.s.o.j.p.SpringPersistenceUnitInfo - No LoadTimeWeaver setup: ignoring JPA class transformer
2026-07-12 20:26:14.331 [main] INFO  com.zaxxer.hikari.HikariDataSource - HikariPool-1 - Starting...
2026-07-12 20:26:14.897 [main] INFO  com.zaxxer.hikari.pool.HikariPool - HikariPool-1 - Added connection org.postgresql.jdbc.PgConnection@48126a17
2026-07-12 20:26:14.901 [main] INFO  com.zaxxer.hikari.HikariDataSource - HikariPool-1 - Start completed.
2026-07-12 20:26:15.446 [main] INFO  o.hibernate.orm.connections.pooling - HHH10001005: Database info:
	Database JDBC URL [Connecting through datasource 'HikariDataSource (HikariPool-1)']
	Database driver: undefined/unknown
	Database version: 15.17
	Autocommit mode: undefined/unknown
	Isolation level: undefined/unknown
	Minimum pool size: undefined/unknown
	Maximum pool size: undefined/unknown
2026-07-12 20:26:21.741 [main] INFO  o.h.e.t.j.p.i.JtaPlatformInitiator - HHH000489: No JTA platform available (set 'hibernate.transaction.jta.platform' to enable JTA platform integration)
2026-07-12 20:26:24.269 [main] WARN  o.h.e.jdbc.spi.SqlExceptionHelper - SQL Warning Code: 0, SQLState: 00000
2026-07-12 20:26:24.269 [main] WARN  o.h.e.jdbc.spi.SqlExceptionHelper - constraint "uknxbbe9wigarpdfvsh022ouo40" of relation "delivery_country_config" does not exist, skipping
2026-07-12 20:26:24.346 [main] WARN  o.h.e.jdbc.spi.SqlExceptionHelper - SQL Warning Code: 0, SQLState: 00000
2026-07-12 20:26:24.346 [main] WARN  o.h.e.jdbc.spi.SqlExceptionHelper - constraint "uk781pmjx7kf279uopjhmbwnqhl" of relation "favorites" does not exist, skipping
2026-07-12 20:26:27.616 [main] INFO  o.s.o.j.LocalContainerEntityManagerFactoryBean - Initialized JPA EntityManagerFactory for persistence unit 'default'
2026-07-12 20:26:31.570 [main] INFO  c.a.l.componet.OrderNumberGenerator - Database sequence 'order_number_seq' checked/created successfully.
2026-07-12 20:26:32.404 [main] INFO  o.s.d.j.r.query.QueryEnhancerFactory - Hibernate is in classpath; If applicable, HQL parser will be used.
2026-07-12 20:26:39.392 [main] INFO  o.s.s.c.a.a.c.InitializeAuthenticationProviderBeanManagerConfigurer$InitializeAuthenticationProviderManagerConfigurer - Global AuthenticationManager configured with AuthenticationProvider bean with name daoAuthenticationProvider
2026-07-12 20:26:39.397 [main] WARN  o.s.s.c.a.a.c.InitializeUserDetailsBeanManagerConfigurer$InitializeUserDetailsManagerConfigurer - Global AuthenticationManager configured with an AuthenticationProvider bean. UserDetailsService beans will not be used by Spring Security for automatically configuring username/password login. Consider removing the AuthenticationProvider bean. Alternatively, consider using the UserDetailsService in a manually instantiated DaoAuthenticationProvider. If the current configuration is intentional, to turn off this warning, increase the logging level of 'org.springframework.security.config.annotation.authentication.configuration.InitializeUserDetailsBeanManagerConfigurer' to ERROR
2026-07-12 20:26:41.554 [main] INFO  o.a.coyote.http11.Http11NioProtocol - Starting ProtocolHandler ["http-nio-8080"]
2026-07-12 20:26:41.583 [main] INFO  o.s.b.w.e.tomcat.TomcatWebServer - Tomcat started on port 8080 (http) with context path '/'
2026-07-12 20:26:41.606 [main] INFO  o.s.a.r.c.CachingConnectionFactory - Attempting to connect to: [localhost:5672]
2026-07-12 20:26:41.995 [main] INFO  o.s.a.r.c.CachingConnectionFactory - Created new connection: rabbitConnectionFactory#43853f89:0/SimpleConnection@390a13f2 [delegate=amqp://admin@127.0.0.1:5672/, localPort=59739]
2026-07-12 20:26:42.450 [main] INFO  c.a.leather.AiatelyeApplication - Started AiatelyeApplication in 66.634 seconds (process running for 70.956)
2026-07-12 20:26:42.461 [main] INFO  c.a.l.componet.CountryConfigSeeder - Ölkələrin bazada olub-olmaması yoxlanılır...
2026-07-12 20:26:54.820 [main] INFO  c.a.l.componet.CountryConfigSeeder - 76 yeni çatdırılma ölkəsi bazaya avtomatik əlavə edildi!
2026-07-12 20:29:19.098 [http-nio-8080-exec-1] INFO  o.a.c.c.C.[Tomcat].[localhost].[/] - Initializing Spring DispatcherServlet 'dispatcherServlet'
2026-07-12 20:29:19.123 [http-nio-8080-exec-1] INFO  o.s.web.servlet.DispatcherServlet - Initializing Servlet 'dispatcherServlet'
2026-07-12 20:29:19.482 [http-nio-8080-exec-1] INFO  o.s.web.servlet.DispatcherServlet - Completed initialization in 355 ms
2026-07-12 20:29:20.370 [http-nio-8080-exec-1] INFO  c.a.l.c.catalog.ProductController - GET /api/products - page: 0, filter: ProductFilterRequest(modelType=null, search=, page=0, size=12)
2026-07-12 20:29:20.553 [http-nio-8080-exec-1] INFO  c.a.l.s.c.ProductCatalogService - Fetching product catalog - page: 0, currency: USD
2026-07-12 20:29:23.091 [http-nio-8080-exec-1] INFO  c.a.l.cache.PriceCacheRepository - Price cached: price:product:8:grade:3:AZN
2026-07-12 20:29:23.128 [http-nio-8080-exec-1] INFO  c.a.l.cache.PriceCacheRepository - Price cached: price:product:5:grade:2:AZN
2026-07-12 20:29:23.151 [http-nio-8080-exec-1] INFO  c.a.l.cache.PriceCacheRepository - Price cached: price:product:1:grade:1:AZN
2026-07-12 20:29:23.341 [http-nio-8080-exec-1] INFO  c.a.l.c.ProductCatalogCacheRepository - Initial page cached for USD: 4 products
2026-07-12 20:29:26.368 [http-nio-8080-exec-3] INFO  c.a.l.c.catalog.ProductController - GET /api/products/5/available-leathers
2026-07-12 20:29:26.368 [http-nio-8080-exec-2] INFO  c.a.l.c.catalog.ProductController - GET /api/products/5 - Product detail requested
2026-07-12 20:29:26.372 [http-nio-8080-exec-3] INFO  c.a.l.s.c.ProductCatalogService - Fetching available leathers for product: 5
2026-07-12 20:29:26.523 [http-nio-8080-exec-3] INFO  c.a.l.cache.LeatherCacheRepository - Cached 4 leathers for product: 5
2026-07-12 20:29:26.523 [http-nio-8080-exec-3] INFO  c.a.l.s.c.ProductCatalogService - Found and cached 4 leathers for product: 5
2026-07-12 20:29:26.536 [http-nio-8080-exec-2] INFO  c.a.l.cache.PriceCacheRepository - Price cached: price:product:5:grade:2:AZN
2026-07-12 20:29:26.544 [http-nio-8080-exec-4] INFO  c.a.l.c.catalog.ProductController - GET /api/products/5/available-leathers
2026-07-12 20:29:26.545 [http-nio-8080-exec-4] INFO  c.a.l.s.c.ProductCatalogService - Fetching available leathers for product: 5
2026-07-12 20:29:26.550 [http-nio-8080-exec-4] INFO  c.a.l.cache.LeatherCacheRepository - Cache hit for leathers: 5
2026-07-12 20:29:26.570 [http-nio-8080-exec-2] INFO  c.a.l.cache.PriceCacheRepository - Price cached: price:product:5:grade:3:AZN
2026-07-12 20:29:26.622 [http-nio-8080-exec-2] INFO  c.a.l.cache.PriceCacheRepository - Price cached: price:product:5:grade:1:AZN
2026-07-12 20:29:26.648 [http-nio-8080-exec-2] INFO  c.a.l.c.ProductCatalogCacheRepository - Product detail cached with key: product:detail:5:USD
2026-07-12 20:29:26.681 [http-nio-8080-exec-5] INFO  c.a.l.c.catalog.ProductController - GET /api/products/5 - Product detail requested
2026-07-12 20:29:26.688 [http-nio-8080-exec-5] INFO  c.a.l.c.ProductCatalogCacheRepository - Product detail cache hit: product:detail:5:USD
2026-07-12 20:29:26.688 [http-nio-8080-exec-5] INFO  c.a.l.s.c.ProductCatalogService - Cache hit: Returning product 5 for USD
2026-07-12 20:29:26.703 [http-nio-8080-exec-4] INFO  c.a.l.s.c.ProductCatalogService - Returning cached leathers for product: 5
2026-07-12 20:29:48.999 [http-nio-8080-exec-6] INFO  c.a.l.c.order.CartController - POST /api/cart/preview - 3 items, currency: USD
2026-07-12 20:29:49.004 [http-nio-8080-exec-6] INFO  c.a.l.s.Order.CartPreviewService - Cart preview requested with 3 items, currency: USD
2026-07-12 20:29:49.116 [http-nio-8080-exec-6] INFO  c.a.l.cache.PriceCacheRepository - Price cached: price:product:1:grade:3:AZN
2026-07-12 20:29:49.138 [http-nio-8080-exec-6] INFO  c.a.l.cache.PriceCacheRepository - Price cached: price:product:5:grade:1:AZN
2026-07-12 20:29:49.175 [http-nio-8080-exec-6] INFO  c.a.l.cache.PriceCacheRepository - Price cached: price:product:8:grade:3:AZN
2026-07-12 20:29:54.546 [http-nio-8080-exec-7] INFO  c.a.l.c.catalog.ProductController - GET /api/products - page: 0, filter: ProductFilterRequest(modelType=null, search=, page=0, size=12)
2026-07-12 20:29:54.549 [http-nio-8080-exec-7] INFO  c.a.l.s.c.ProductCatalogService - Fetching product catalog - page: 0, currency: USD
2026-07-12 20:29:54.569 [http-nio-8080-exec-7] INFO  c.a.l.c.ProductCatalogCacheRepository - Initial page cache hit for USD
2026-07-12 20:29:57.283 [http-nio-8080-exec-9] INFO  c.a.l.c.catalog.ProductController - GET /api/products/1/available-leathers
2026-07-12 20:29:57.302 [http-nio-8080-exec-8] INFO  c.a.l.c.catalog.ProductController - GET /api/products/1 - Product detail requested
2026-07-12 20:29:57.310 [http-nio-8080-exec-9] INFO  c.a.l.s.c.ProductCatalogService - Fetching available leathers for product: 1
2026-07-12 20:29:57.348 [http-nio-8080-exec-9] INFO  c.a.l.cache.LeatherCacheRepository - Cached 4 leathers for product: 1
2026-07-12 20:29:57.348 [http-nio-8080-exec-9] INFO  c.a.l.s.c.ProductCatalogService - Found and cached 4 leathers for product: 1
2026-07-12 20:29:57.358 [http-nio-8080-exec-8] INFO  c.a.l.cache.PriceCacheRepository - Price cached: price:product:1:grade:1:AZN
2026-07-12 20:29:57.362 [http-nio-8080-exec-10] INFO  c.a.l.c.catalog.ProductController - GET /api/products/1/available-leathers
2026-07-12 20:29:57.363 [http-nio-8080-exec-10] INFO  c.a.l.s.c.ProductCatalogService - Fetching available leathers for product: 1
2026-07-12 20:29:57.376 [http-nio-8080-exec-10] INFO  c.a.l.cache.LeatherCacheRepository - Cache hit for leathers: 1
2026-07-12 20:29:57.377 [http-nio-8080-exec-10] INFO  c.a.l.s.c.ProductCatalogService - Returning cached leathers for product: 1
2026-07-12 20:29:57.391 [http-nio-8080-exec-8] INFO  c.a.l.cache.PriceCacheRepository - Price cached: price:product:1:grade:3:AZN
2026-07-12 20:29:57.398 [http-nio-8080-exec-8] INFO  c.a.l.c.ProductCatalogCacheRepository - Product detail cached with key: product:detail:1:USD
2026-07-12 20:29:57.407 [http-nio-8080-exec-1] INFO  c.a.l.c.catalog.ProductController - GET /api/products/1 - Product detail requested
2026-07-12 20:29:57.411 [http-nio-8080-exec-1] INFO  c.a.l.c.ProductCatalogCacheRepository - Product detail cache hit: product:detail:1:USD
2026-07-12 20:29:57.411 [http-nio-8080-exec-1] INFO  c.a.l.s.c.ProductCatalogService - Cache hit: Returning product 1 for USD
2026-07-12 20:32:35.801 [http-nio-8080-exec-4] INFO  c.a.l.c.order.CartController - POST /api/cart/preview - 4 items, currency: USD
2026-07-12 20:32:35.815 [http-nio-8080-exec-4] INFO  c.a.l.s.Order.CartPreviewService - Cart preview requested with 4 items, currency: USD
2026-07-12 20:32:36.299 [http-nio-8080-exec-4] INFO  c.a.l.cache.PriceCacheRepository - Price cached: price:product:1:grade:3:AZN
2026-07-12 20:32:36.332 [http-nio-8080-exec-4] INFO  c.a.l.cache.PriceCacheRepository - Price cached: price:product:1:grade:1:AZN
2026-07-12 20:32:36.353 [http-nio-8080-exec-4] INFO  c.a.l.cache.PriceCacheRepository - Price cached: price:product:5:grade:1:AZN
2026-07-12 20:32:36.372 [http-nio-8080-exec-4] INFO  c.a.l.cache.PriceCacheRepository - Price cached: price:product:8:grade:3:AZN
2026-07-12 20:32:46.615 [http-nio-8080-exec-5] INFO  c.a.l.c.catalog.ProductController - GET /api/products - page: 0, filter: ProductFilterRequest(modelType=null, search=, page=0, size=12)
2026-07-12 20:32:46.618 [http-nio-8080-exec-5] INFO  c.a.l.s.c.ProductCatalogService - Fetching product catalog - page: 0, currency: USD
2026-07-12 20:32:46.624 [http-nio-8080-exec-5] INFO  c.a.l.c.ProductCatalogCacheRepository - Initial page cache hit for USD
2026-07-12 20:32:49.722 [http-nio-8080-exec-7] INFO  c.a.l.c.catalog.ProductController - GET /api/products/3/available-leathers
2026-07-12 20:32:49.722 [http-nio-8080-exec-6] INFO  c.a.l.c.catalog.ProductController - GET /api/products/3 - Product detail requested
2026-07-12 20:32:49.727 [http-nio-8080-exec-7] INFO  c.a.l.s.c.ProductCatalogService - Fetching available leathers for product: 3
2026-07-12 20:32:49.751 [http-nio-8080-exec-7] WARN  c.a.l.s.c.ProductCatalogService - No leathers found for product: 3. Skipping cache to prevent empty cache pollution.
2026-07-12 20:32:49.762 [http-nio-8080-exec-9] INFO  c.a.l.c.catalog.ProductController - GET /api/products/3/available-leathers
2026-07-12 20:32:49.763 [http-nio-8080-exec-9] INFO  c.a.l.s.c.ProductCatalogService - Fetching available leathers for product: 3
2026-07-12 20:32:49.763 [http-nio-8080-exec-6] INFO  c.a.l.c.ProductCatalogCacheRepository - Product detail cached with key: product:detail:3:USD
2026-07-12 20:32:49.776 [http-nio-8080-exec-10] INFO  c.a.l.c.catalog.ProductController - GET /api/products/3 - Product detail requested
2026-07-12 20:32:49.793 [http-nio-8080-exec-10] INFO  c.a.l.c.ProductCatalogCacheRepository - Product detail cache hit: product:detail:3:USD
2026-07-12 20:32:49.794 [http-nio-8080-exec-10] INFO  c.a.l.s.c.ProductCatalogService - Cache hit: Returning product 3 for USD
2026-07-12 20:32:49.820 [http-nio-8080-exec-9] WARN  c.a.l.s.c.ProductCatalogService - No leathers found for product: 3. Skipping cache to prevent empty cache pollution.
2026-07-12 20:32:54.931 [http-nio-8080-exec-8] INFO  c.a.l.c.catalog.ProductController - GET /api/products - page: 0, filter: ProductFilterRequest(modelType=null, search=, page=0, size=12)
2026-07-12 20:32:54.934 [http-nio-8080-exec-8] INFO  c.a.l.s.c.ProductCatalogService - Fetching product catalog - page: 0, currency: USD
2026-07-12 20:32:54.938 [http-nio-8080-exec-8] INFO  c.a.l.c.ProductCatalogCacheRepository - Initial page cache hit for USD
2026-07-12 20:33:02.343 [http-nio-8080-exec-1] INFO  c.a.l.c.catalog.ProductController - GET /api/products/3 - Product detail requested
2026-07-12 20:33:02.346 [http-nio-8080-exec-3] INFO  c.a.l.c.catalog.ProductController - GET /api/products/3/available-leathers
2026-07-12 20:33:02.351 [http-nio-8080-exec-3] INFO  c.a.l.s.c.ProductCatalogService - Fetching available leathers for product: 3
2026-07-12 20:33:02.354 [http-nio-8080-exec-1] INFO  c.a.l.c.ProductCatalogCacheRepository - Product detail cache hit: product:detail:3:USD
2026-07-12 20:33:02.355 [http-nio-8080-exec-1] INFO  c.a.l.s.c.ProductCatalogService - Cache hit: Returning product 3 for USD
2026-07-12 20:33:02.370 [http-nio-8080-exec-2] INFO  c.a.l.c.catalog.ProductController - GET /api/products/3 - Product detail requested
2026-07-12 20:33:02.375 [http-nio-8080-exec-2] INFO  c.a.l.c.ProductCatalogCacheRepository - Product detail cache hit: product:detail:3:USD
2026-07-12 20:33:02.375 [http-nio-8080-exec-2] INFO  c.a.l.s.c.ProductCatalogService - Cache hit: Returning product 3 for USD
2026-07-12 20:33:02.441 [http-nio-8080-exec-3] WARN  c.a.l.s.c.ProductCatalogService - No leathers found for product: 3. Skipping cache to prevent empty cache pollution.
2026-07-12 20:33:02.452 [http-nio-8080-exec-4] INFO  c.a.l.c.catalog.ProductController - GET /api/products/3/available-leathers
2026-07-12 20:33:02.452 [http-nio-8080-exec-4] INFO  c.a.l.s.c.ProductCatalogService - Fetching available leathers for product: 3
2026-07-12 20:33:02.477 [http-nio-8080-exec-4] WARN  c.a.l.s.c.ProductCatalogService - No leathers found for product: 3. Skipping cache to prevent empty cache pollution.
2026-07-12 20:33:06.494 [http-nio-8080-exec-5] INFO  c.a.l.c.catalog.ProductController - GET /api/products - page: 0, filter: ProductFilterRequest(modelType=null, search=, page=0, size=12)
2026-07-12 20:33:06.530 [http-nio-8080-exec-5] INFO  c.a.l.s.c.ProductCatalogService - Fetching product catalog - page: 0, currency: USD
2026-07-12 20:33:06.577 [http-nio-8080-exec-5] INFO  c.a.l.c.ProductCatalogCacheRepository - Initial page cache hit for USD
2026-07-12 20:33:37.585 [http-nio-8080-exec-7] INFO  c.a.l.c.catalog.ProductController - GET /api/products/5 - Product detail requested
2026-07-12 20:33:37.585 [http-nio-8080-exec-6] INFO  c.a.l.c.catalog.ProductController - GET /api/products/5/available-leathers
2026-07-12 20:33:37.611 [http-nio-8080-exec-6] INFO  c.a.l.s.c.ProductCatalogService - Fetching available leathers for product: 5
2026-07-12 20:33:37.639 [http-nio-8080-exec-6] INFO  c.a.l.cache.LeatherCacheRepository - Cache hit for leathers: 5
2026-07-12 20:33:37.639 [http-nio-8080-exec-7] INFO  c.a.l.c.ProductCatalogCacheRepository - Product detail cache hit: product:detail:5:USD
2026-07-12 20:33:37.639 [http-nio-8080-exec-7] INFO  c.a.l.s.c.ProductCatalogService - Cache hit: Returning product 5 for USD
2026-07-12 20:33:37.640 [http-nio-8080-exec-6] INFO  c.a.l.s.c.ProductCatalogService - Returning cached leathers for product: 5
2026-07-12 20:33:37.656 [http-nio-8080-exec-10] INFO  c.a.l.c.catalog.ProductController - GET /api/products/5/available-leathers
2026-07-12 20:33:37.657 [http-nio-8080-exec-10] INFO  c.a.l.s.c.ProductCatalogService - Fetching available leathers for product: 5
2026-07-12 20:33:37.659 [http-nio-8080-exec-9] INFO  c.a.l.c.catalog.ProductController - GET /api/products/5 - Product detail requested
2026-07-12 20:33:37.667 [http-nio-8080-exec-10] INFO  c.a.l.cache.LeatherCacheRepository - Cache hit for leathers: 5
2026-07-12 20:33:37.667 [http-nio-8080-exec-9] INFO  c.a.l.c.ProductCatalogCacheRepository - Product detail cache hit: product:detail:5:USD
2026-07-12 20:33:37.667 [http-nio-8080-exec-9] INFO  c.a.l.s.c.ProductCatalogService - Cache hit: Returning product 5 for USD
2026-07-12 20:33:37.668 [http-nio-8080-exec-10] INFO  c.a.l.s.c.ProductCatalogService - Returning cached leathers for product: 5
2026-07-12 20:33:39.403 [http-nio-8080-exec-8] INFO  c.a.l.c.order.CartController - POST /api/cart/preview - 4 items, currency: USD
2026-07-12 20:33:39.420 [http-nio-8080-exec-8] INFO  c.a.l.s.Order.CartPreviewService - Cart preview requested with 4 items, currency: USD
2026-07-12 20:33:39.776 [http-nio-8080-exec-8] INFO  c.a.l.cache.PriceCacheRepository - Price cached: price:product:1:grade:3:AZN
2026-07-12 20:33:39.835 [http-nio-8080-exec-8] INFO  c.a.l.cache.PriceCacheRepository - Price cached: price:product:1:grade:1:AZN
2026-07-12 20:33:39.943 [http-nio-8080-exec-8] INFO  c.a.l.cache.PriceCacheRepository - Price cached: price:product:5:grade:1:AZN
2026-07-12 20:33:40.018 [http-nio-8080-exec-8] INFO  c.a.l.cache.PriceCacheRepository - Price cached: price:product:8:grade:3:AZN
2026-07-12 20:35:06.454 [http-nio-8080-exec-4] INFO  c.a.l.c.catalog.ProductController - GET /api/products/5 - Product detail requested
2026-07-12 20:35:06.473 [http-nio-8080-exec-3] INFO  c.a.l.c.catalog.ProductController - GET /api/products/5/available-leathers
2026-07-12 20:35:06.513 [http-nio-8080-exec-4] INFO  c.a.l.c.ProductCatalogCacheRepository - Product detail cache hit: product:detail:5:USD
2026-07-12 20:35:06.513 [http-nio-8080-exec-4] INFO  c.a.l.s.c.ProductCatalogService - Cache hit: Returning product 5 for USD
2026-07-12 20:35:06.530 [http-nio-8080-exec-3] INFO  c.a.l.s.c.ProductCatalogService - Fetching available leathers for product: 5
2026-07-12 20:35:06.544 [http-nio-8080-exec-5] INFO  c.a.l.c.catalog.ProductController - GET /api/products/5 - Product detail requested
2026-07-12 20:35:06.550 [http-nio-8080-exec-3] INFO  c.a.l.cache.LeatherCacheRepository - Cache hit for leathers: 5
2026-07-12 20:35:06.550 [http-nio-8080-exec-3] INFO  c.a.l.s.c.ProductCatalogService - Returning cached leathers for product: 5
2026-07-12 20:35:06.649 [http-nio-8080-exec-6] INFO  c.a.l.c.catalog.ProductController - GET /api/products/5/available-leathers
2026-07-12 20:35:06.649 [http-nio-8080-exec-6] INFO  c.a.l.s.c.ProductCatalogService - Fetching available leathers for product: 5
2026-07-12 20:35:06.652 [http-nio-8080-exec-5] INFO  c.a.l.c.ProductCatalogCacheRepository - Product detail cache hit: product:detail:5:USD
2026-07-12 20:35:06.653 [http-nio-8080-exec-5] INFO  c.a.l.s.c.ProductCatalogService - Cache hit: Returning product 5 for USD
2026-07-12 20:35:06.668 [http-nio-8080-exec-6] INFO  c.a.l.cache.LeatherCacheRepository - Cache hit for leathers: 5
2026-07-12 20:35:06.668 [http-nio-8080-exec-6] INFO  c.a.l.s.c.ProductCatalogService - Returning cached leathers for product: 5
2026-07-12 20:49:32.342 [http-nio-8080-exec-8] INFO  c.a.l.c.catalog.ProductController - GET /api/products/5/available-leathers
2026-07-12 20:49:32.341 [http-nio-8080-exec-1] INFO  c.a.l.c.catalog.ProductController - GET /api/products/5 - Product detail requested
2026-07-12 20:49:32.419 [http-nio-8080-exec-8] INFO  c.a.l.s.c.ProductCatalogService - Fetching available leathers for product: 5
2026-07-12 20:49:32.527 [http-nio-8080-exec-1] INFO  c.a.l.c.ProductCatalogCacheRepository - Product detail cache hit: product:detail:5:USD
2026-07-12 20:49:32.528 [http-nio-8080-exec-1] INFO  c.a.l.s.c.ProductCatalogService - Cache hit: Returning product 5 for USD
2026-07-12 20:49:32.691 [http-nio-8080-exec-2] INFO  c.a.l.c.catalog.ProductController - GET /api/products/5 - Product detail requested
2026-07-12 20:49:32.786 [http-nio-8080-exec-2] INFO  c.a.l.c.ProductCatalogCacheRepository - Product detail cache hit: product:detail:5:USD
2026-07-12 20:49:32.788 [http-nio-8080-exec-2] INFO  c.a.l.s.c.ProductCatalogService - Cache hit: Returning product 5 for USD
2026-07-12 20:49:33.134 [http-nio-8080-exec-8] INFO  c.a.l.cache.LeatherCacheRepository - Cached 4 leathers for product: 5
2026-07-12 20:49:33.134 [http-nio-8080-exec-8] INFO  c.a.l.s.c.ProductCatalogService - Found and cached 4 leathers for product: 5
2026-07-12 20:49:33.172 [http-nio-8080-exec-4] INFO  c.a.l.c.catalog.ProductController - GET /api/products/5/available-leathers
2026-07-12 20:49:33.174 [http-nio-8080-exec-4] INFO  c.a.l.s.c.ProductCatalogService - Fetching available leathers for product: 5
2026-07-12 20:49:33.208 [http-nio-8080-exec-4] INFO  c.a.l.cache.LeatherCacheRepository - Cache hit for leathers: 5
2026-07-12 20:49:33.210 [http-nio-8080-exec-4] INFO  c.a.l.s.c.ProductCatalogService - Returning cached leathers for product: 5
2026-07-12 20:49:36.775 [http-nio-8080-exec-3] INFO  c.a.l.c.order.CartController - POST /api/cart/preview - 4 items, currency: USD
2026-07-12 20:49:36.812 [http-nio-8080-exec-3] INFO  c.a.l.s.Order.CartPreviewService - Cart preview requested with 4 items, currency: USD
2026-07-12 20:49:37.162 [http-nio-8080-exec-3] INFO  c.a.l.cache.PriceCacheRepository - Price cached: price:product:1:grade:3:AZN
2026-07-12 20:49:37.236 [http-nio-8080-exec-3] INFO  c.a.l.cache.PriceCacheRepository - Price cached: price:product:1:grade:1:AZN
2026-07-12 20:49:37.287 [http-nio-8080-exec-3] INFO  c.a.l.cache.PriceCacheRepository - Price cached: price:product:5:grade:1:AZN
2026-07-12 20:49:37.310 [http-nio-8080-exec-3] INFO  c.a.l.cache.PriceCacheRepository - Price cached: price:product:8:grade:3:AZN
2026-07-12 20:49:44.493 [http-nio-8080-exec-5] INFO  c.a.l.c.catalog.ProductController - GET /api/products - page: 0, filter: ProductFilterRequest(modelType=null, search=, page=0, size=12)
2026-07-12 20:49:44.500 [http-nio-8080-exec-5] INFO  c.a.l.s.c.ProductCatalogService - Fetching product catalog - page: 0, currency: USD
2026-07-12 20:49:44.511 [http-nio-8080-exec-5] INFO  c.a.l.c.ProductCatalogCacheRepository - Initial page cache hit for USD
2026-07-12 20:49:57.180 [http-nio-8080-exec-6] INFO  c.a.l.c.catalog.ProductController - GET /api/products - page: 0, filter: ProductFilterRequest(modelType=null, search=, page=0, size=12)
2026-07-12 20:49:57.196 [http-nio-8080-exec-6] INFO  c.a.l.s.c.ProductCatalogService - Fetching product catalog - page: 0, currency: USD
2026-07-12 20:49:57.226 [http-nio-8080-exec-6] INFO  c.a.l.c.ProductCatalogCacheRepository - Initial page cache hit for USD
2026-07-12 20:50:06.591 [http-nio-8080-exec-7] INFO  c.a.l.c.catalog.ProductController - GET /api/products - page: 0, filter: ProductFilterRequest(modelType=null, search=, page=0, size=12)
2026-07-12 20:50:06.594 [http-nio-8080-exec-7] INFO  c.a.l.s.c.ProductCatalogService - Fetching product catalog - page: 0, currency: USD
2026-07-12 20:50:06.600 [http-nio-8080-exec-7] INFO  c.a.l.c.ProductCatalogCacheRepository - Initial page cache hit for USD
2026-07-12 20:55:36.736 [http-nio-8080-exec-5] INFO  c.a.l.c.catalog.ProductController - GET /api/products - page: 0, filter: ProductFilterRequest(modelType=null, search=, page=0, size=12)
2026-07-12 20:55:36.769 [http-nio-8080-exec-5] INFO  c.a.l.s.c.ProductCatalogService - Fetching product catalog - page: 0, currency: USD
2026-07-12 20:55:36.855 [http-nio-8080-exec-5] INFO  c.a.l.c.ProductCatalogCacheRepository - Initial page cache hit for USD
2026-07-12 20:56:12.202 [http-nio-8080-exec-7] INFO  c.a.l.c.order.CartController - POST /api/cart/preview - 4 items, currency: USD
2026-07-12 20:56:12.214 [http-nio-8080-exec-7] INFO  c.a.l.s.Order.CartPreviewService - Cart preview requested with 4 items, currency: USD
2026-07-12 20:56:12.558 [http-nio-8080-exec-7] INFO  c.a.l.cache.PriceCacheRepository - Price cached: price:product:1:grade:3:AZN
2026-07-12 20:56:12.591 [http-nio-8080-exec-7] INFO  c.a.l.cache.PriceCacheRepository - Price cached: price:product:1:grade:1:AZN
2026-07-12 20:56:12.650 [http-nio-8080-exec-7] INFO  c.a.l.cache.PriceCacheRepository - Price cached: price:product:5:grade:1:AZN
2026-07-12 20:56:12.675 [http-nio-8080-exec-7] INFO  c.a.l.cache.PriceCacheRepository - Price cached: price:product:8:grade:3:AZN
2026-07-12 20:56:13.665 [http-nio-8080-exec-10] INFO  c.a.l.c.order.CartController - POST /api/cart/preview - 4 items, currency: AZN
2026-07-12 20:56:13.690 [http-nio-8080-exec-9] INFO  c.a.l.c.order.CartController - POST /api/cart/preview - 4 items, currency: AZN
2026-07-12 20:56:13.873 [http-nio-8080-exec-9] INFO  c.a.l.s.Order.CartPreviewService - Cart preview requested with 4 items, currency: AZN
2026-07-12 20:56:13.921 [http-nio-8080-exec-10] INFO  c.a.l.s.Order.CartPreviewService - Cart preview requested with 4 items, currency: AZN
2026-07-12 20:56:14.507 [http-nio-8080-exec-9] INFO  c.a.l.cache.PriceCacheRepository - Price cache hit: price:product:1:grade:3:AZN
2026-07-12 20:56:14.635 [http-nio-8080-exec-9] INFO  c.a.l.cache.PriceCacheRepository - Price cache hit: price:product:1:grade:1:AZN
2026-07-12 20:56:14.635 [http-nio-8080-exec-10] INFO  c.a.l.cache.PriceCacheRepository - Price cache hit: price:product:1:grade:3:AZN
2026-07-12 20:56:14.657 [http-nio-8080-exec-9] INFO  c.a.l.cache.PriceCacheRepository - Price cache hit: price:product:5:grade:1:AZN
2026-07-12 20:56:14.671 [http-nio-8080-exec-10] INFO  c.a.l.cache.PriceCacheRepository - Price cache hit: price:product:1:grade:1:AZN
2026-07-12 20:56:14.703 [http-nio-8080-exec-9] INFO  c.a.l.cache.PriceCacheRepository - Price cache hit: price:product:8:grade:3:AZN
2026-07-12 20:56:14.703 [http-nio-8080-exec-10] INFO  c.a.l.cache.PriceCacheRepository - Price cache hit: price:product:5:grade:1:AZN
2026-07-12 20:56:14.703 [http-nio-8080-exec-9] WARN  c.a.l.s.Order.CartPreviewService - Price mismatch for product 5: seen=10, current=100.00
2026-07-12 20:56:14.703 [http-nio-8080-exec-9] WARN  c.a.l.s.Order.CartPreviewService - Price mismatch for product 8: seen=100, current=150.00
2026-07-12 20:56:14.703 [http-nio-8080-exec-9] WARN  c.a.l.s.Order.CartPreviewService - Price mismatch for product 1: seen=26, current=100.00
2026-07-12 20:56:14.704 [http-nio-8080-exec-9] WARN  c.a.l.s.Order.CartPreviewService - Price mismatch for product 1: seen=70, current=50.00
2026-07-12 20:56:14.726 [http-nio-8080-exec-10] INFO  c.a.l.cache.PriceCacheRepository - Price cache hit: price:product:8:grade:3:AZN
2026-07-12 20:56:14.726 [http-nio-8080-exec-10] WARN  c.a.l.s.Order.CartPreviewService - Price mismatch for product 5: seen=10, current=100.00
2026-07-12 20:56:14.726 [http-nio-8080-exec-10] WARN  c.a.l.s.Order.CartPreviewService - Price mismatch for product 8: seen=100, current=150.00
2026-07-12 20:56:14.726 [http-nio-8080-exec-10] WARN  c.a.l.s.Order.CartPreviewService - Price mismatch for product 1: seen=26, current=100.00
2026-07-12 20:56:14.727 [http-nio-8080-exec-10] WARN  c.a.l.s.Order.CartPreviewService - Price mismatch for product 1: seen=70, current=50.00
2026-07-12 21:44:59.124 [http-nio-8080-exec-5] INFO  c.a.l.c.order.CartController - POST /api/cart/preview - 4 items, currency: AZN
2026-07-12 21:44:59.220 [http-nio-8080-exec-5] INFO  c.a.l.s.Order.CartPreviewService - Cart preview requested with 4 items, currency: AZN
2026-07-12 21:44:59.816 [http-nio-8080-exec-5] INFO  c.a.l.cache.PriceCacheRepository - Price cache hit: price:product:1:grade:3:AZN
2026-07-12 21:44:59.820 [http-nio-8080-exec-5] INFO  c.a.l.cache.PriceCacheRepository - Price cache hit: price:product:1:grade:1:AZN
2026-07-12 21:44:59.824 [http-nio-8080-exec-5] INFO  c.a.l.cache.PriceCacheRepository - Price cache hit: price:product:5:grade:1:AZN
2026-07-12 21:44:59.827 [http-nio-8080-exec-5] INFO  c.a.l.cache.PriceCacheRepository - Price cache hit: price:product:8:grade:3:AZN
2026-07-12 21:44:59.828 [http-nio-8080-exec-5] WARN  c.a.l.s.Order.CartPreviewService - Price mismatch for product 5: seen=10, current=100.00
2026-07-12 21:44:59.830 [http-nio-8080-exec-5] WARN  c.a.l.s.Order.CartPreviewService - Price mismatch for product 8: seen=100, current=150.00
2026-07-12 21:44:59.830 [http-nio-8080-exec-5] WARN  c.a.l.s.Order.CartPreviewService - Price mismatch for product 1: seen=26, current=100.00
2026-07-12 21:44:59.830 [http-nio-8080-exec-5] WARN  c.a.l.s.Order.CartPreviewService - Price mismatch for product 1: seen=70, current=50.00
2026-07-12 22:08:02.239 [HikariPool-1:housekeeper] WARN  com.zaxxer.hikari.pool.PoolBase - HikariPool-1 - Failed to validate connection org.postgresql.jdbc.PgConnection@474bc123 (This connection has been closed.). Possibly consider using a shorter maxLifetime value.
2026-07-12 22:12:12.159 [http-nio-8080-exec-2] INFO  c.a.l.c.order.CartController - POST /api/cart/preview - 4 items, currency: AZN
2026-07-12 22:12:12.164 [http-nio-8080-exec-9] INFO  c.a.l.c.order.CartController - POST /api/cart/preview - 4 items, currency: AZN
2026-07-12 22:12:12.223 [http-nio-8080-exec-9] INFO  c.a.l.s.Order.CartPreviewService - Cart preview requested with 4 items, currency: AZN
2026-07-12 22:12:12.282 [http-nio-8080-exec-2] INFO  c.a.l.s.Order.CartPreviewService - Cart preview requested with 4 items, currency: AZN
2026-07-12 22:12:13.494 [http-nio-8080-exec-9] INFO  c.a.l.cache.PriceCacheRepository - Price cache hit: price:product:1:grade:3:AZN
2026-07-12 22:12:13.494 [http-nio-8080-exec-2] INFO  c.a.l.cache.PriceCacheRepository - Price cache hit: price:product:1:grade:3:AZN
2026-07-12 22:12:13.506 [http-nio-8080-exec-2] INFO  c.a.l.cache.PriceCacheRepository - Price cache hit: price:product:1:grade:1:AZN
2026-07-12 22:12:13.506 [http-nio-8080-exec-9] INFO  c.a.l.cache.PriceCacheRepository - Price cache hit: price:product:1:grade:1:AZN
2026-07-12 22:12:13.519 [http-nio-8080-exec-9] INFO  c.a.l.cache.PriceCacheRepository - Price cache hit: price:product:5:grade:1:AZN
2026-07-12 22:12:13.519 [http-nio-8080-exec-2] INFO  c.a.l.cache.PriceCacheRepository - Price cache hit: price:product:5:grade:1:AZN
2026-07-12 22:12:13.529 [http-nio-8080-exec-2] INFO  c.a.l.cache.PriceCacheRepository - Price cache hit: price:product:8:grade:3:AZN
2026-07-12 22:12:13.529 [http-nio-8080-exec-9] INFO  c.a.l.cache.PriceCacheRepository - Price cache hit: price:product:8:grade:3:AZN
2026-07-12 22:12:13.531 [http-nio-8080-exec-9] WARN  c.a.l.s.Order.CartPreviewService - Price mismatch for product 5: seen=10, current=100.00
2026-07-12 22:12:13.532 [http-nio-8080-exec-9] WARN  c.a.l.s.Order.CartPreviewService - Price mismatch for product 8: seen=100, current=150.00
2026-07-12 22:12:13.532 [http-nio-8080-exec-9] WARN  c.a.l.s.Order.CartPreviewService - Price mismatch for product 1: seen=26, current=100.00
2026-07-12 22:12:13.532 [http-nio-8080-exec-9] WARN  c.a.l.s.Order.CartPreviewService - Price mismatch for product 1: seen=70, current=50.00
2026-07-12 22:12:13.531 [http-nio-8080-exec-2] WARN  c.a.l.s.Order.CartPreviewService - Price mismatch for product 5: seen=10, current=100.00
2026-07-12 22:12:13.544 [http-nio-8080-exec-2] WARN  c.a.l.s.Order.CartPreviewService - Price mismatch for product 8: seen=100, current=150.00
2026-07-12 22:12:13.545 [http-nio-8080-exec-2] WARN  c.a.l.s.Order.CartPreviewService - Price mismatch for product 1: seen=26, current=100.00
2026-07-12 22:12:13.546 [http-nio-8080-exec-2] WARN  c.a.l.s.Order.CartPreviewService - Price mismatch for product 1: seen=70, current=50.00
2026-07-12 22:24:01.008 [http-nio-8080-exec-1] INFO  c.a.l.c.order.CartController - POST /api/cart/preview - 4 items, currency: AZN
2026-07-12 22:24:01.050 [http-nio-8080-exec-9] INFO  c.a.l.c.order.CartController - POST /api/cart/preview - 4 items, currency: AZN
2026-07-12 22:24:01.248 [http-nio-8080-exec-9] INFO  c.a.l.s.Order.CartPreviewService - Cart preview requested with 4 items, currency: AZN
2026-07-12 22:24:02.344 [http-nio-8080-exec-1] INFO  c.a.l.s.Order.CartPreviewService - Cart preview requested with 4 items, currency: AZN
2026-07-12 22:24:04.462 [http-nio-8080-exec-9] INFO  c.a.l.cache.PriceCacheRepository - Price cache hit: price:product:1:grade:3:AZN
2026-07-12 22:24:04.462 [http-nio-8080-exec-1] INFO  c.a.l.cache.PriceCacheRepository - Price cache hit: price:product:1:grade:3:AZN
2026-07-12 22:24:04.492 [http-nio-8080-exec-1] INFO  c.a.l.cache.PriceCacheRepository - Price cache hit: price:product:1:grade:1:AZN
2026-07-12 22:24:04.492 [http-nio-8080-exec-9] INFO  c.a.l.cache.PriceCacheRepository - Price cache hit: price:product:1:grade:1:AZN
2026-07-12 22:24:04.515 [http-nio-8080-exec-9] INFO  c.a.l.cache.PriceCacheRepository - Price cache hit: price:product:5:grade:1:AZN
2026-07-12 22:24:04.516 [http-nio-8080-exec-1] INFO  c.a.l.cache.PriceCacheRepository - Price cache hit: price:product:5:grade:1:AZN
2026-07-12 22:24:04.548 [http-nio-8080-exec-1] INFO  c.a.l.cache.PriceCacheRepository - Price cache hit: price:product:8:grade:3:AZN
2026-07-12 22:24:04.551 [http-nio-8080-exec-9] INFO  c.a.l.cache.PriceCacheRepository - Price cache hit: price:product:8:grade:3:AZN
2026-07-12 22:24:04.553 [http-nio-8080-exec-9] WARN  c.a.l.s.Order.CartPreviewService - Price mismatch for product 5: seen=10, current=100.00
2026-07-12 22:24:04.555 [http-nio-8080-exec-9] WARN  c.a.l.s.Order.CartPreviewService - Price mismatch for product 8: seen=100, current=150.00
2026-07-12 22:24:04.555 [http-nio-8080-exec-9] WARN  c.a.l.s.Order.CartPreviewService - Price mismatch for product 1: seen=26, current=100.00
2026-07-12 22:24:04.555 [http-nio-8080-exec-9] WARN  c.a.l.s.Order.CartPreviewService - Price mismatch for product 1: seen=70, current=50.00
2026-07-12 22:24:04.562 [http-nio-8080-exec-1] WARN  c.a.l.s.Order.CartPreviewService - Price mismatch for product 5: seen=10, current=100.00
2026-07-12 22:24:04.564 [http-nio-8080-exec-1] WARN  c.a.l.s.Order.CartPreviewService - Price mismatch for product 8: seen=100, current=150.00
2026-07-12 22:24:04.564 [http-nio-8080-exec-1] WARN  c.a.l.s.Order.CartPreviewService - Price mismatch for product 1: seen=26, current=100.00
2026-07-12 22:24:04.566 [http-nio-8080-exec-1] WARN  c.a.l.s.Order.CartPreviewService - Price mismatch for product 1: seen=70, current=50.00
2026-07-12 22:42:43.020 [http-nio-8080-exec-10] INFO  c.a.l.c.order.CartController - POST /api/cart/preview - 4 items, currency: AZN
2026-07-12 22:42:43.043 [http-nio-8080-exec-7] INFO  c.a.l.c.order.CartController - POST /api/cart/preview - 4 items, currency: AZN
2026-07-12 22:42:44.100 [http-nio-8080-exec-7] INFO  c.a.l.s.Order.CartPreviewService - Cart preview requested with 4 items, currency: AZN
2026-07-12 22:42:44.174 [http-nio-8080-exec-10] INFO  c.a.l.s.Order.CartPreviewService - Cart preview requested with 4 items, currency: AZN
2026-07-12 22:42:44.718 [http-nio-8080-exec-10] INFO  c.a.l.cache.PriceCacheRepository - Price cache hit: price:product:1:grade:3:AZN
2026-07-12 22:42:44.843 [http-nio-8080-exec-10] INFO  c.a.l.cache.PriceCacheRepository - Price cache hit: price:product:1:grade:1:AZN
2026-07-12 22:42:44.891 [http-nio-8080-exec-10] INFO  c.a.l.cache.PriceCacheRepository - Price cache hit: price:product:5:grade:1:AZN
2026-07-12 22:42:44.943 [http-nio-8080-exec-10] INFO  c.a.l.cache.PriceCacheRepository - Price cache hit: price:product:8:grade:3:AZN
2026-07-12 22:42:44.945 [http-nio-8080-exec-10] WARN  c.a.l.s.Order.CartPreviewService - Price mismatch for product 5: seen=10, current=100.00
2026-07-12 22:42:44.948 [http-nio-8080-exec-10] WARN  c.a.l.s.Order.CartPreviewService - Price mismatch for product 8: seen=100, current=150.00
2026-07-12 22:42:45.795 [http-nio-8080-exec-10] WARN  c.a.l.s.Order.CartPreviewService - Price mismatch for product 1: seen=26, current=100.00
2026-07-12 22:42:45.796 [http-nio-8080-exec-10] WARN  c.a.l.s.Order.CartPreviewService - Price mismatch for product 1: seen=70, current=50.00
2026-07-12 22:42:46.043 [http-nio-8080-exec-7] INFO  c.a.l.cache.PriceCacheRepository - Price cache hit: price:product:1:grade:3:AZN
2026-07-12 22:42:46.075 [http-nio-8080-exec-7] INFO  c.a.l.cache.PriceCacheRepository - Price cache hit: price:product:1:grade:1:AZN
2026-07-12 22:42:46.159 [http-nio-8080-exec-7] INFO  c.a.l.cache.PriceCacheRepository - Price cache hit: price:product:5:grade:1:AZN
2026-07-12 22:42:46.172 [http-nio-8080-exec-7] INFO  c.a.l.cache.PriceCacheRepository - Price cache hit: price:product:8:grade:3:AZN
2026-07-12 22:42:46.172 [http-nio-8080-exec-7] WARN  c.a.l.s.Order.CartPreviewService - Price mismatch for product 5: seen=10, current=100.00
2026-07-12 22:42:46.172 [http-nio-8080-exec-7] WARN  c.a.l.s.Order.CartPreviewService - Price mismatch for product 8: seen=100, current=150.00
2026-07-12 22:42:46.172 [http-nio-8080-exec-7] WARN  c.a.l.s.Order.CartPreviewService - Price mismatch for product 1: seen=26, current=100.00
2026-07-12 22:42:46.172 [http-nio-8080-exec-7] WARN  c.a.l.s.Order.CartPreviewService - Price mismatch for product 1: seen=70, current=50.00
2026-07-12 22:42:57.193 [http-nio-8080-exec-9] INFO  c.a.l.c.catalog.ProductController - GET /api/products - page: 0, filter: ProductFilterRequest(modelType=null, search=, page=0, size=12)
2026-07-12 22:42:57.240 [http-nio-8080-exec-9] INFO  c.a.l.s.c.ProductCatalogService - Fetching product catalog - page: 0, currency: USD
2026-07-12 22:42:57.889 [http-nio-8080-exec-9] INFO  c.a.l.cache.PriceCacheRepository - Price cached: price:product:8:grade:3:AZN
2026-07-12 22:42:57.986 [http-nio-8080-exec-9] INFO  c.a.l.cache.PriceCacheRepository - Price cached: price:product:5:grade:2:AZN
2026-07-12 22:42:58.595 [http-nio-8080-exec-9] INFO  c.a.l.cache.PriceCacheRepository - Price cached: price:product:1:grade:1:AZN
2026-07-12 22:42:58.629 [http-nio-8080-exec-9] INFO  c.a.l.c.ProductCatalogCacheRepository - Initial page cached for USD: 4 products
2026-07-12 22:43:09.608 [http-nio-8080-exec-4] INFO  c.a.l.c.catalog.ProductController - GET /api/products - page: 0, filter: ProductFilterRequest(modelType=null, search=, page=0, size=12)
2026-07-12 22:43:09.614 [http-nio-8080-exec-4] INFO  c.a.l.s.c.ProductCatalogService - Fetching product catalog - page: 0, currency: USD
2026-07-12 22:43:09.626 [http-nio-8080-exec-4] INFO  c.a.l.c.ProductCatalogCacheRepository - Initial page cache hit for USD
2026-07-12 22:43:20.105 [http-nio-8080-exec-8] INFO  c.a.l.c.catalog.ProductController - GET /api/products - page: 0, filter: ProductFilterRequest(modelType=null, search=, page=0, size=12)
2026-07-12 22:43:20.110 [http-nio-8080-exec-8] INFO  c.a.l.s.c.ProductCatalogService - Fetching product catalog - page: 0, currency: USD
2026-07-12 22:43:20.119 [http-nio-8080-exec-8] INFO  c.a.l.c.ProductCatalogCacheRepository - Initial page cache hit for USD
2026-07-12 22:43:31.009 [http-nio-8080-exec-5] INFO  c.a.l.c.catalog.ProductController - GET /api/products - page: 0, filter: ProductFilterRequest(modelType=null, search=, page=0, size=12)
2026-07-12 22:43:31.027 [http-nio-8080-exec-5] INFO  c.a.l.s.c.ProductCatalogService - Fetching product catalog - page: 0, currency: USD
2026-07-12 22:43:31.044 [http-nio-8080-exec-5] INFO  c.a.l.c.ProductCatalogCacheRepository - Initial page cache hit for USD
2026-07-12 22:44:25.239 [http-nio-8080-exec-3] INFO  c.a.l.c.catalog.ProductController - GET /api/products - page: 0, filter: ProductFilterRequest(modelType=null, search=, page=0, size=12)
2026-07-12 22:44:25.275 [http-nio-8080-exec-3] INFO  c.a.l.s.c.ProductCatalogService - Fetching product catalog - page: 0, currency: USD
2026-07-12 22:44:25.290 [http-nio-8080-exec-3] INFO  c.a.l.c.ProductCatalogCacheRepository - Initial page cache hit for USD
2026-07-12 22:44:33.759 [http-nio-8080-exec-10] INFO  c.a.l.c.catalog.ProductController - GET /api/products - page: 0, filter: ProductFilterRequest(modelType=null, search=, page=0, size=12)
2026-07-12 22:44:33.776 [http-nio-8080-exec-10] INFO  c.a.l.s.c.ProductCatalogService - Fetching product catalog - page: 0, currency: USD
2026-07-12 22:44:33.814 [http-nio-8080-exec-10] INFO  c.a.l.c.ProductCatalogCacheRepository - Initial page cache hit for USD
2026-07-12 22:44:37.696 [http-nio-8080-exec-7] INFO  c.a.l.c.order.CartController - POST /api/cart/preview - 4 items, currency: USD
2026-07-12 22:44:37.745 [http-nio-8080-exec-7] INFO  c.a.l.s.Order.CartPreviewService - Cart preview requested with 4 items, currency: USD
2026-07-12 22:44:38.260 [http-nio-8080-exec-7] INFO  c.a.l.cache.PriceCacheRepository - Price cached: price:product:1:grade:3:AZN
2026-07-12 22:44:38.327 [http-nio-8080-exec-7] INFO  c.a.l.cache.PriceCacheRepository - Price cached: price:product:1:grade:1:AZN
2026-07-12 22:44:38.404 [http-nio-8080-exec-7] INFO  c.a.l.cache.PriceCacheRepository - Price cached: price:product:5:grade:1:AZN
2026-07-12 22:44:38.471 [http-nio-8080-exec-7] INFO  c.a.l.cache.PriceCacheRepository - Price cached: price:product:8:grade:3:AZN
2026-07-12 22:47:20.373 [http-nio-8080-exec-9] INFO  c.a.l.c.catalog.ProductController - GET /api/products - page: 0, filter: ProductFilterRequest(modelType=null, search=, page=0, size=12)
2026-07-12 22:47:22.407 [http-nio-8080-exec-9] INFO  c.a.l.s.c.ProductCatalogService - Fetching product catalog - page: 0, currency: USD
2026-07-12 22:47:22.704 [http-nio-8080-exec-9] INFO  c.a.l.c.ProductCatalogCacheRepository - Initial page cache hit for USD
2026-07-12 22:47:31.899 [http-nio-8080-exec-4] INFO  c.a.l.c.catalog.ProductController - GET /api/products - page: 0, filter: ProductFilterRequest(modelType=null, search=, page=0, size=12)
2026-07-12 22:47:31.918 [http-nio-8080-exec-4] INFO  c.a.l.s.c.ProductCatalogService - Fetching product catalog - page: 0, currency: USD
2026-07-12 22:47:31.968 [http-nio-8080-exec-4] INFO  c.a.l.c.ProductCatalogCacheRepository - Initial page cache hit for USD
2026-07-12 22:48:20.192 [HikariPool-1:housekeeper] WARN  com.zaxxer.hikari.pool.PoolBase - HikariPool-1 - Failed to validate connection org.postgresql.jdbc.PgConnection@39083188 (This connection has been closed.). Possibly consider using a shorter maxLifetime value.
2026-07-12 22:48:48.985 [http-nio-8080-exec-5] INFO  c.a.l.c.catalog.ProductController - GET /api/products - page: 0, filter: ProductFilterRequest(modelType=null, search=, page=0, size=12)
2026-07-12 22:48:50.073 [http-nio-8080-exec-5] INFO  c.a.l.s.c.ProductCatalogService - Fetching product catalog - page: 0, currency: USD
2026-07-12 22:48:50.824 [http-nio-8080-exec-5] INFO  c.a.l.c.ProductCatalogCacheRepository - Initial page cache hit for USD
2026-07-12 22:49:41.098 [http-nio-8080-exec-6] INFO  c.a.l.c.catalog.ProductController - GET /api/products - page: 0, filter: ProductFilterRequest(modelType=null, search=, page=0, size=12)
2026-07-12 22:49:41.709 [http-nio-8080-exec-6] INFO  c.a.l.s.c.ProductCatalogService - Fetching product catalog - page: 0, currency: USD
2026-07-12 22:49:42.026 [http-nio-8080-exec-6] INFO  c.a.l.c.ProductCatalogCacheRepository - Initial page cache hit for USD
2026-07-12 22:50:19.956 [http-nio-8080-exec-7] INFO  c.a.l.c.a.AdminPricingRuleController - GET /api/admin/pricing/rules
2026-07-12 22:50:20.079 [http-nio-8080-exec-7] INFO  c.a.l.s.pricing.PricingRuleService - Fetching pricing rules, activeOnly: false
2026-07-12 22:50:21.719 [http-nio-8080-exec-9] INFO  c.a.l.c.a.AdminProductsController - GET /api/admin/products - filter: ProductModelFilter(id=null, modelname=null, modelType=null, availabilityStatus=null, isActive=null, from=null, to=null), page: Page request [number: 0, size 12, sort: createdAt: DESC]
2026-07-12 22:50:22.489 [http-nio-8080-exec-9] INFO  c.a.l.s.c.AdminProductModelService - Admin fetching ALL product models (including inactive/draft) with filter: ProductModelFilter(id=null, modelname=null, modelType=null, availabilityStatus=null, isActive=null, from=null, to=null)
2026-07-12 22:50:37.351 [http-nio-8080-exec-2] INFO  c.a.l.c.catalog.ProductController - GET /api/products - page: 0, filter: ProductFilterRequest(modelType=null, search=, page=0, size=12)
2026-07-12 22:50:37.390 [http-nio-8080-exec-2] INFO  c.a.l.s.c.ProductCatalogService - Fetching product catalog - page: 0, currency: USD
2026-07-12 22:50:37.487 [http-nio-8080-exec-2] INFO  c.a.l.c.ProductCatalogCacheRepository - Initial page cache hit for USD
2026-07-12 22:50:41.564 [http-nio-8080-exec-9] INFO  c.a.l.c.a.AdminProductsController - GET /api/admin/products - filter: ProductModelFilter(id=null, modelname=null, modelType=null, availabilityStatus=null, isActive=null, from=null, to=null), page: Page request [number: 0, size 10, sort: createdAt: DESC]
2026-07-12 22:50:41.609 [http-nio-8080-exec-9] INFO  c.a.l.s.c.AdminProductModelService - Admin fetching ALL product models (including inactive/draft) with filter: ProductModelFilter(id=null, modelname=null, modelType=null, availabilityStatus=null, isActive=null, from=null, to=null)
2026-07-12 22:50:41.820 [http-nio-8080-exec-4] INFO  c.a.l.c.a.AdminProductsController - GET /api/admin/products - filter: ProductModelFilter(id=null, modelname=null, modelType=null, availabilityStatus=null, isActive=null, from=null, to=null), page: Page request [number: 0, size 10, sort: createdAt: DESC]
2026-07-12 22:50:41.820 [http-nio-8080-exec-4] INFO  c.a.l.s.c.AdminProductModelService - Admin fetching ALL product models (including inactive/draft) with filter: ProductModelFilter(id=null, modelname=null, modelType=null, availabilityStatus=null, isActive=null, from=null, to=null)
2026-07-12 22:50:42.504 [http-nio-8080-exec-6] INFO  c.a.l.c.admin.AdminOrderController - GET /api/admin/orders - filter: OrderFilter(id=null, orderNumber=null, status=null, paymentStatus=null, customerEmail=null, customerName=null, from=null, to=null, minAmount=null, maxAmount=null), page: Page request [number: 0, size 10, sort: createdAt: DESC]
2026-07-12 22:50:42.540 [http-nio-8080-exec-6] INFO  c.a.l.s.Order.AdminOrderService - Admin fetching orders with filter: OrderFilter(id=null, orderNumber=null, status=null, paymentStatus=null, customerEmail=null, customerName=null, from=null, to=null, minAmount=null, maxAmount=null), pagination: Page request [number: 0, size 10, sort: createdAt: DESC]
2026-07-12 22:50:43.992 [http-nio-8080-exec-2] INFO  c.a.l.c.admin.AdminOrderController - GET /api/admin/orders - filter: OrderFilter(id=null, orderNumber=null, status=null, paymentStatus=null, customerEmail=null, customerName=null, from=null, to=null, minAmount=null, maxAmount=null), page: Page request [number: 0, size 10, sort: createdAt: DESC]
2026-07-12 22:50:43.992 [http-nio-8080-exec-2] INFO  c.a.l.s.Order.AdminOrderService - Admin fetching orders with filter: OrderFilter(id=null, orderNumber=null, status=null, paymentStatus=null, customerEmail=null, customerName=null, from=null, to=null, minAmount=null, maxAmount=null), pagination: Page request [number: 0, size 10, sort: createdAt: DESC]
2026-07-12 22:50:46.620 [http-nio-8080-exec-10] INFO  c.a.l.c.a.AdminLeathersController - GET /api/admin/leathers - filter: LeatherFilter(id=null, leathername=null, origin=null, color=null, gradeType=null, availabilityStatus=null, isActive=null, from=null, to=null), page: Page request [number: 0, size 10, sort: createdAt: DESC]
2026-07-12 22:50:47.516 [http-nio-8080-exec-10] INFO  c.a.l.s.admin.AdminLeatherService - Admin fetching ALL leathers (including inactive/draft) with filter: LeatherFilter(id=null, leathername=null, origin=null, color=null, gradeType=null, availabilityStatus=null, isActive=null, from=null, to=null)
2026-07-12 22:50:48.469 [http-nio-8080-exec-7] INFO  c.a.l.c.a.AdminProductsController - GET /api/admin/products - filter: ProductModelFilter(id=null, modelname=null, modelType=null, availabilityStatus=null, isActive=null, from=null, to=null), page: Page request [number: 0, size 12, sort: createdAt: DESC]
2026-07-12 22:50:48.508 [http-nio-8080-exec-7] INFO  c.a.l.s.c.AdminProductModelService - Admin fetching ALL product models (including inactive/draft) with filter: ProductModelFilter(id=null, modelname=null, modelType=null, availabilityStatus=null, isActive=null, from=null, to=null)
2026-07-12 23:00:09.625 [http-nio-8080-exec-1] INFO  c.a.l.c.a.AdminPricingRuleController - GET /api/admin/pricing/rules
2026-07-12 23:00:09.943 [http-nio-8080-exec-1] INFO  c.a.l.s.pricing.PricingRuleService - Fetching pricing rules, activeOnly: false
2026-07-12 23:00:12.754 [http-nio-8080-exec-9] INFO  c.a.l.c.a.AdminPricingRuleController - GET /api/admin/pricing/rules
2026-07-12 23:00:12.805 [http-nio-8080-exec-9] INFO  c.a.l.s.pricing.PricingRuleService - Fetching pricing rules, activeOnly: false
2026-07-12 23:06:24.380 [http-nio-8080-exec-7] INFO  c.a.l.c.a.AdminPricingRuleController - GET /api/admin/pricing/rules
2026-07-12 23:06:24.619 [http-nio-8080-exec-7] INFO  c.a.l.s.pricing.PricingRuleService - Fetching pricing rules, activeOnly: false
2026-07-12 23:06:24.758 [http-nio-8080-exec-9] INFO  c.a.l.c.a.AdminPricingRuleController - GET /api/admin/pricing/rules
2026-07-12 23:06:24.759 [http-nio-8080-exec-9] INFO  c.a.l.s.pricing.PricingRuleService - Fetching pricing rules, activeOnly: false
2026-07-12 23:06:37.743 [http-nio-8080-exec-4] INFO  c.a.l.c.a.AdminPricingRuleController - GET /api/admin/pricing/rules
2026-07-12 23:06:37.940 [http-nio-8080-exec-4] INFO  c.a.l.s.pricing.PricingRuleService - Fetching pricing rules, activeOnly: false
2026-07-12 23:06:38.095 [http-nio-8080-exec-8] INFO  c.a.l.c.catalog.ProductController - GET /api/products - page: 0, filter: ProductFilterRequest(modelType=null, search=, page=0, size=12)
2026-07-12 23:06:38.128 [http-nio-8080-exec-8] INFO  c.a.l.s.c.ProductCatalogService - Fetching product catalog - page: 0, currency: USD
2026-07-12 23:06:38.268 [http-nio-8080-exec-6] INFO  c.a.l.c.a.AdminPricingRuleController - GET /api/admin/pricing/rules
2026-07-12 23:06:38.270 [http-nio-8080-exec-6] INFO  c.a.l.s.pricing.PricingRuleService - Fetching pricing rules, activeOnly: false
2026-07-12 23:06:38.409 [http-nio-8080-exec-8] INFO  c.a.l.c.ProductCatalogCacheRepository - Initial page cache hit for USD
2026-07-12 23:06:42.035 [http-nio-8080-exec-5] INFO  c.a.l.c.a.AdminPricingRuleController - GET /api/admin/pricing/rules
2026-07-12 23:06:42.212 [http-nio-8080-exec-5] INFO  c.a.l.s.pricing.PricingRuleService - Fetching pricing rules, activeOnly: false
2026-07-12 23:06:42.396 [http-nio-8080-exec-2] INFO  c.a.l.c.a.AdminPricingRuleController - GET /api/admin/pricing/rules
2026-07-12 23:06:42.399 [http-nio-8080-exec-2] INFO  c.a.l.s.pricing.PricingRuleService - Fetching pricing rules, activeOnly: false
2026-07-12 23:06:42.898 [http-nio-8080-exec-3] INFO  c.a.l.c.a.AdminProductsController - GET /api/admin/products - filter: ProductModelFilter(id=null, modelname=null, modelType=null, availabilityStatus=null, isActive=null, from=null, to=null), page: Page request [number: 0, size 12, sort: createdAt: DESC]
2026-07-12 23:06:42.917 [http-nio-8080-exec-3] INFO  c.a.l.s.c.AdminProductModelService - Admin fetching ALL product models (including inactive/draft) with filter: ProductModelFilter(id=null, modelname=null, modelType=null, availabilityStatus=null, isActive=null, from=null, to=null)
2026-07-12 23:07:54.405 [http-nio-8080-exec-6] INFO  c.a.l.c.a.AdminPricingRuleController - GET /api/admin/pricing/rules
2026-07-12 23:07:54.530 [http-nio-8080-exec-6] INFO  c.a.l.s.pricing.PricingRuleService - Fetching pricing rules, activeOnly: false
2026-07-12 23:07:54.748 [http-nio-8080-exec-8] INFO  c.a.l.c.a.AdminPricingRuleController - GET /api/admin/pricing/rules
2026-07-12 23:07:54.749 [http-nio-8080-exec-8] INFO  c.a.l.s.pricing.PricingRuleService - Fetching pricing rules, activeOnly: false
2026-07-12 23:08:22.674 [http-nio-8080-exec-2] INFO  c.a.l.c.a.AdminPricingRuleController - GET /api/admin/pricing/rules
2026-07-12 23:08:22.684 [http-nio-8080-exec-2] INFO  c.a.l.s.pricing.PricingRuleService - Fetching pricing rules, activeOnly: false
2026-07-12 23:08:22.743 [http-nio-8080-exec-3] INFO  c.a.l.c.a.AdminPricingRuleController - GET /api/admin/pricing/rules
2026-07-12 23:08:22.744 [http-nio-8080-exec-3] INFO  c.a.l.s.pricing.PricingRuleService - Fetching pricing rules, activeOnly: false
2026-07-12 23:08:23.697 [http-nio-8080-exec-10] INFO  c.a.l.c.a.AdminProductsController - GET /api/admin/products - filter: ProductModelFilter(id=null, modelname=null, modelType=null, availabilityStatus=null, isActive=null, from=null, to=null), page: Page request [number: 0, size 12, sort: createdAt: DESC]
2026-07-12 23:08:23.713 [http-nio-8080-exec-10] INFO  c.a.l.s.c.AdminProductModelService - Admin fetching ALL product models (including inactive/draft) with filter: ProductModelFilter(id=null, modelname=null, modelType=null, availabilityStatus=null, isActive=null, from=null, to=null)
2026-07-12 23:12:50.330 [http-nio-8080-exec-8] INFO  c.a.l.c.a.AdminPricingRuleController - GET /api/admin/pricing/rules
2026-07-12 23:12:51.813 [http-nio-8080-exec-8] INFO  c.a.l.s.pricing.PricingRuleService - Fetching pricing rules, activeOnly: false
2026-07-12 23:12:53.792 [http-nio-8080-exec-5] INFO  c.a.l.c.a.AdminPricingRuleController - GET /api/admin/pricing/rules
2026-07-12 23:12:53.792 [http-nio-8080-exec-5] INFO  c.a.l.s.pricing.PricingRuleService - Fetching pricing rules, activeOnly: false
2026-07-12 23:13:03.938 [http-nio-8080-exec-3] INFO  c.a.l.c.a.AdminPricingRuleController - GET /api/admin/pricing/rules
2026-07-12 23:13:03.956 [http-nio-8080-exec-3] INFO  c.a.l.s.pricing.PricingRuleService - Fetching pricing rules, activeOnly: false
2026-07-12 23:13:04.052 [http-nio-8080-exec-10] INFO  c.a.l.c.a.AdminPricingRuleController - GET /api/admin/pricing/rules
2026-07-12 23:13:04.052 [http-nio-8080-exec-10] INFO  c.a.l.s.pricing.PricingRuleService - Fetching pricing rules, activeOnly: false
2026-07-12 23:13:04.355 [http-nio-8080-exec-7] INFO  c.a.l.c.catalog.ProductController - GET /api/products - page: 0, filter: ProductFilterRequest(modelType=null, search=, page=0, size=12)
2026-07-12 23:13:04.369 [http-nio-8080-exec-7] INFO  c.a.l.s.c.ProductCatalogService - Fetching product catalog - page: 0, currency: USD
2026-07-12 23:13:06.156 [http-nio-8080-exec-7] INFO  c.a.l.cache.PriceCacheRepository - Price cached: price:product:8:grade:3:AZN
2026-07-12 23:13:06.225 [http-nio-8080-exec-7] INFO  c.a.l.cache.PriceCacheRepository - Price cached: price:product:5:grade:2:AZN
2026-07-12 23:13:06.239 [http-nio-8080-exec-7] INFO  c.a.l.cache.PriceCacheRepository - Price cached: price:product:1:grade:1:AZN
2026-07-12 23:13:06.256 [http-nio-8080-exec-7] INFO  c.a.l.c.ProductCatalogCacheRepository - Initial page cached for USD: 4 products
2026-07-12 23:13:10.004 [http-nio-8080-exec-9] INFO  c.a.l.c.a.AdminPricingRuleController - GET /api/admin/pricing/rules
2026-07-12 23:13:10.275 [http-nio-8080-exec-9] INFO  c.a.l.s.pricing.PricingRuleService - Fetching pricing rules, activeOnly: false
2026-07-12 23:13:10.775 [http-nio-8080-exec-6] INFO  c.a.l.c.a.AdminPricingRuleController - GET /api/admin/pricing/rules
2026-07-12 23:13:10.776 [http-nio-8080-exec-6] INFO  c.a.l.s.pricing.PricingRuleService - Fetching pricing rules, activeOnly: false
2026-07-12 23:13:11.029 [http-nio-8080-exec-8] INFO  c.a.l.c.a.AdminProductsController - GET /api/admin/products - filter: ProductModelFilter(id=null, modelname=null, modelType=null, availabilityStatus=null, isActive=null, from=null, to=null), page: Page request [number: 0, size 12, sort: createdAt: DESC]
2026-07-12 23:13:11.054 [http-nio-8080-exec-8] INFO  c.a.l.s.c.AdminProductModelService - Admin fetching ALL product models (including inactive/draft) with filter: ProductModelFilter(id=null, modelname=null, modelType=null, availabilityStatus=null, isActive=null, from=null, to=null)
2026-07-12 23:13:32.469 [http-nio-8080-exec-2] INFO  c.a.l.c.a.AdminPricingRuleController - GET /api/admin/pricing/rules
2026-07-12 23:13:32.493 [http-nio-8080-exec-2] INFO  c.a.l.s.pricing.PricingRuleService - Fetching pricing rules, activeOnly: false
2026-07-12 23:13:32.568 [http-nio-8080-exec-3] INFO  c.a.l.c.a.AdminPricingRuleController - GET /api/admin/pricing/rules
2026-07-12 23:13:32.568 [http-nio-8080-exec-3] INFO  c.a.l.s.pricing.PricingRuleService - Fetching pricing rules, activeOnly: false
2026-07-12 23:13:33.756 [http-nio-8080-exec-10] INFO  c.a.l.c.a.AdminProductsController - GET /api/admin/products - filter: ProductModelFilter(id=null, modelname=null, modelType=null, availabilityStatus=null, isActive=null, from=null, to=null), page: Page request [number: 0, size 12, sort: createdAt: DESC]
2026-07-12 23:13:33.770 [http-nio-8080-exec-10] INFO  c.a.l.s.c.AdminProductModelService - Admin fetching ALL product models (including inactive/draft) with filter: ProductModelFilter(id=null, modelname=null, modelType=null, availabilityStatus=null, isActive=null, from=null, to=null)
2026-07-12 23:13:34.758 [http-nio-8080-exec-1] INFO  c.a.l.c.admin.AdminOrderController - GET /api/admin/orders - filter: OrderFilter(id=null, orderNumber=null, status=null, paymentStatus=null, customerEmail=null, customerName=null, from=null, to=null, minAmount=null, maxAmount=null), page: Page request [number: 0, size 10, sort: createdAt: DESC]
2026-07-12 23:13:34.767 [http-nio-8080-exec-1] INFO  c.a.l.s.Order.AdminOrderService - Admin fetching orders with filter: OrderFilter(id=null, orderNumber=null, status=null, paymentStatus=null, customerEmail=null, customerName=null, from=null, to=null, minAmount=null, maxAmount=null), pagination: Page request [number: 0, size 10, sort: createdAt: DESC]
2026-07-12 23:13:34.884 [http-nio-8080-exec-7] INFO  c.a.l.c.admin.AdminOrderController - GET /api/admin/orders - filter: OrderFilter(id=null, orderNumber=null, status=null, paymentStatus=null, customerEmail=null, customerName=null, from=null, to=null, minAmount=null, maxAmount=null), page: Page request [number: 0, size 10, sort: createdAt: DESC]
2026-07-12 23:13:34.886 [http-nio-8080-exec-7] INFO  c.a.l.s.Order.AdminOrderService - Admin fetching orders with filter: OrderFilter(id=null, orderNumber=null, status=null, paymentStatus=null, customerEmail=null, customerName=null, from=null, to=null, minAmount=null, maxAmount=null), pagination: Page request [number: 0, size 10, sort: createdAt: DESC]
2026-07-12 23:13:35.715 [http-nio-8080-exec-9] INFO  c.a.l.c.a.AdminProductsController - GET /api/admin/products - filter: ProductModelFilter(id=null, modelname=null, modelType=null, availabilityStatus=null, isActive=null, from=null, to=null), page: Page request [number: 0, size 10, sort: createdAt: DESC]
2026-07-12 23:13:35.727 [http-nio-8080-exec-9] INFO  c.a.l.s.c.AdminProductModelService - Admin fetching ALL product models (including inactive/draft) with filter: ProductModelFilter(id=null, modelname=null, modelType=null, availabilityStatus=null, isActive=null, from=null, to=null)
2026-07-12 23:13:35.801 [http-nio-8080-exec-6] INFO  c.a.l.c.a.AdminProductsController - GET /api/admin/products - filter: ProductModelFilter(id=null, modelname=null, modelType=null, availabilityStatus=null, isActive=null, from=null, to=null), page: Page request [number: 0, size 10, sort: createdAt: DESC]
2026-07-12 23:13:35.801 [http-nio-8080-exec-6] INFO  c.a.l.s.c.AdminProductModelService - Admin fetching ALL product models (including inactive/draft) with filter: ProductModelFilter(id=null, modelname=null, modelType=null, availabilityStatus=null, isActive=null, from=null, to=null)
2026-07-12 23:13:45.161 [http-nio-8080-exec-3] INFO  c.a.l.c.a.AdminPricingRuleController - GET /api/admin/pricing/rules
2026-07-12 23:13:45.324 [http-nio-8080-exec-3] INFO  c.a.l.s.pricing.PricingRuleService - Fetching pricing rules, activeOnly: false
2026-07-12 23:13:45.552 [http-nio-8080-exec-10] INFO  c.a.l.c.a.AdminPricingRuleController - GET /api/admin/pricing/rules
2026-07-12 23:13:45.553 [http-nio-8080-exec-10] INFO  c.a.l.s.pricing.PricingRuleService - Fetching pricing rules, activeOnly: false
2026-07-12 23:13:45.885 [http-nio-8080-exec-1] INFO  c.a.l.c.a.AdminProductsController - GET /api/admin/products - filter: ProductModelFilter(id=null, modelname=null, modelType=null, availabilityStatus=null, isActive=null, from=null, to=null), page: Page request [number: 0, size 12, sort: createdAt: DESC]
2026-07-12 23:13:45.886 [http-nio-8080-exec-1] INFO  c.a.l.s.c.AdminProductModelService - Admin fetching ALL product models (including inactive/draft) with filter: ProductModelFilter(id=null, modelname=null, modelType=null, availabilityStatus=null, isActive=null, from=null, to=null)
2026-07-12 23:21:18.819 [http-nio-8080-exec-7] INFO  c.a.l.c.a.AdminPricingRuleController - GET /api/admin/pricing/rules
2026-07-12 23:21:19.067 [http-nio-8080-exec-7] INFO  c.a.l.s.pricing.PricingRuleService - Fetching pricing rules, activeOnly: false
2026-07-12 23:21:21.214 [http-nio-8080-exec-6] INFO  c.a.l.c.a.AdminPricingRuleController - GET /api/admin/pricing/rules
2026-07-12 23:21:21.214 [http-nio-8080-exec-6] INFO  c.a.l.s.pricing.PricingRuleService - Fetching pricing rules, activeOnly: false
2026-07-12 23:22:12.737 [http-nio-8080-exec-3] INFO  c.a.l.c.admin.AdminOrderController - GET /api/admin/orders - filter: OrderFilter(id=null, orderNumber=null, status=null, paymentStatus=null, customerEmail=null, customerName=null, from=null, to=null, minAmount=null, maxAmount=null), page: Page request [number: 0, size 10, sort: createdAt: DESC]
2026-07-12 23:22:12.770 [http-nio-8080-exec-3] INFO  c.a.l.s.Order.AdminOrderService - Admin fetching orders with filter: OrderFilter(id=null, orderNumber=null, status=null, paymentStatus=null, customerEmail=null, customerName=null, from=null, to=null, minAmount=null, maxAmount=null), pagination: Page request [number: 0, size 10, sort: createdAt: DESC]
2026-07-12 23:22:12.924 [http-nio-8080-exec-10] INFO  c.a.l.c.admin.AdminOrderController - GET /api/admin/orders - filter: OrderFilter(id=null, orderNumber=null, status=null, paymentStatus=null, customerEmail=null, customerName=null, from=null, to=null, minAmount=null, maxAmount=null), page: Page request [number: 0, size 10, sort: createdAt: DESC]
2026-07-12 23:22:12.926 [http-nio-8080-exec-10] INFO  c.a.l.s.Order.AdminOrderService - Admin fetching orders with filter: OrderFilter(id=null, orderNumber=null, status=null, paymentStatus=null, customerEmail=null, customerName=null, from=null, to=null, minAmount=null, maxAmount=null), pagination: Page request [number: 0, size 10, sort: createdAt: DESC]
2026-07-12 23:22:21.600 [http-nio-8080-exec-2] INFO  c.a.l.c.a.AdminProductsController - GET /api/admin/products - filter: ProductModelFilter(id=null, modelname=null, modelType=null, availabilityStatus=null, isActive=null, from=null, to=null), page: Page request [number: 0, size 10, sort: createdAt: DESC]
2026-07-12 23:22:21.626 [http-nio-8080-exec-2] INFO  c.a.l.s.c.AdminProductModelService - Admin fetching ALL product models (including inactive/draft) with filter: ProductModelFilter(id=null, modelname=null, modelType=null, availabilityStatus=null, isActive=null, from=null, to=null)
2026-07-12 23:22:21.768 [http-nio-8080-exec-3] INFO  c.a.l.c.a.AdminProductsController - GET /api/admin/products - filter: ProductModelFilter(id=null, modelname=null, modelType=null, availabilityStatus=null, isActive=null, from=null, to=null), page: Page request [number: 0, size 10, sort: createdAt: DESC]
2026-07-12 23:22:21.768 [http-nio-8080-exec-3] INFO  c.a.l.s.c.AdminProductModelService - Admin fetching ALL product models (including inactive/draft) with filter: ProductModelFilter(id=null, modelname=null, modelType=null, availabilityStatus=null, isActive=null, from=null, to=null)
2026-07-12 23:22:22.474 [http-nio-8080-exec-10] INFO  c.a.l.c.admin.AdminOrderController - GET /api/admin/orders - filter: OrderFilter(id=null, orderNumber=null, status=null, paymentStatus=null, customerEmail=null, customerName=null, from=null, to=null, minAmount=null, maxAmount=null), page: Page request [number: 0, size 10, sort: createdAt: DESC]
2026-07-12 23:22:22.498 [http-nio-8080-exec-10] INFO  c.a.l.s.Order.AdminOrderService - Admin fetching orders with filter: OrderFilter(id=null, orderNumber=null, status=null, paymentStatus=null, customerEmail=null, customerName=null, from=null, to=null, minAmount=null, maxAmount=null), pagination: Page request [number: 0, size 10, sort: createdAt: DESC]
2026-07-12 23:22:22.574 [http-nio-8080-exec-1] INFO  c.a.l.c.admin.AdminOrderController - GET /api/admin/orders - filter: OrderFilter(id=null, orderNumber=null, status=null, paymentStatus=null, customerEmail=null, customerName=null, from=null, to=null, minAmount=null, maxAmount=null), page: Page request [number: 0, size 10, sort: createdAt: DESC]
2026-07-12 23:22:22.574 [http-nio-8080-exec-1] INFO  c.a.l.s.Order.AdminOrderService - Admin fetching orders with filter: OrderFilter(id=null, orderNumber=null, status=null, paymentStatus=null, customerEmail=null, customerName=null, from=null, to=null, minAmount=null, maxAmount=null), pagination: Page request [number: 0, size 10, sort: createdAt: DESC]
2026-07-12 23:22:23.724 [http-nio-8080-exec-9] INFO  c.a.l.c.a.AdminProductsController - GET /api/admin/products - filter: ProductModelFilter(id=null, modelname=null, modelType=null, availabilityStatus=null, isActive=null, from=null, to=null), page: Page request [number: 0, size 12, sort: createdAt: DESC]
2026-07-12 23:22:23.735 [http-nio-8080-exec-9] INFO  c.a.l.s.c.AdminProductModelService - Admin fetching ALL product models (including inactive/draft) with filter: ProductModelFilter(id=null, modelname=null, modelType=null, availabilityStatus=null, isActive=null, from=null, to=null)
2026-07-12 23:22:24.657 [http-nio-8080-exec-8] INFO  c.a.l.c.a.AdminLeathersController - GET /api/admin/leathers - filter: LeatherFilter(id=null, leathername=null, origin=null, color=null, gradeType=null, availabilityStatus=null, isActive=null, from=null, to=null), page: Page request [number: 0, size 10, sort: createdAt: DESC]
2026-07-12 23:22:24.667 [http-nio-8080-exec-8] INFO  c.a.l.s.admin.AdminLeatherService - Admin fetching ALL leathers (including inactive/draft) with filter: LeatherFilter(id=null, leathername=null, origin=null, color=null, gradeType=null, availabilityStatus=null, isActive=null, from=null, to=null)
2026-07-12 23:22:25.987 [http-nio-8080-exec-5] INFO  c.a.l.c.a.AdminProductsController - GET /api/admin/products - filter: ProductModelFilter(id=null, modelname=null, modelType=null, availabilityStatus=null, isActive=null, from=null, to=null), page: Page request [number: 0, size 12, sort: createdAt: DESC]
2026-07-12 23:22:25.990 [http-nio-8080-exec-5] INFO  c.a.l.s.c.AdminProductModelService - Admin fetching ALL product models (including inactive/draft) with filter: ProductModelFilter(id=null, modelname=null, modelType=null, availabilityStatus=null, isActive=null, from=null, to=null)
2026-07-12 23:27:05.298 [http-nio-8080-exec-1] INFO  c.a.l.c.a.AdminPricingRuleController - GET /api/admin/pricing/rules
2026-07-12 23:27:05.642 [http-nio-8080-exec-7] INFO  c.a.l.c.catalog.ProductController - GET /api/products - page: 0, filter: ProductFilterRequest(modelType=null, search=, page=0, size=12)
2026-07-12 23:27:10.170 [http-nio-8080-exec-7] INFO  c.a.l.s.c.ProductCatalogService - Fetching product catalog - page: 0, currency: USD
2026-07-12 23:27:10.366 [http-nio-8080-exec-1] INFO  c.a.l.s.pricing.PricingRuleService - Fetching pricing rules, activeOnly: false
2026-07-12 23:27:10.548 [http-nio-8080-exec-7] INFO  c.a.l.c.ProductCatalogCacheRepository - Initial page cache hit for USD
2026-07-12 23:27:12.984 [http-nio-8080-exec-9] INFO  c.a.l.c.a.AdminPricingRuleController - GET /api/admin/pricing/rules
2026-07-12 23:27:13.032 [http-nio-8080-exec-9] INFO  c.a.l.s.pricing.PricingRuleService - Fetching pricing rules, activeOnly: false
2026-07-12 23:27:49.349 [org.springframework.amqp.rabbit.RabbitListenerEndpointContainer#0-2] INFO  o.s.a.r.l.SimpleMessageListenerContainer - Waiting for workers to finish.
2026-07-12 23:27:49.931 [org.springframework.amqp.rabbit.RabbitListenerEndpointContainer#0-2] INFO  o.s.a.r.l.SimpleMessageListenerContainer - Successfully waited for workers to finish.
2026-07-12 23:27:50.001 [SpringApplicationShutdownHook] INFO  o.s.b.w.e.tomcat.GracefulShutdown - Commencing graceful shutdown. Waiting for active requests to complete
2026-07-12 23:27:50.139 [tomcat-shutdown] INFO  o.s.b.w.e.tomcat.GracefulShutdown - Graceful shutdown complete
2026-07-12 23:27:52.148 [SpringApplicationShutdownHook] INFO  o.s.o.j.LocalContainerEntityManagerFactoryBean - Closing JPA EntityManagerFactory for persistence unit 'default'
2026-07-12 23:27:52.258 [SpringApplicationShutdownHook] INFO  com.zaxxer.hikari.HikariDataSource - HikariPool-1 - Shutdown initiated...
2026-07-12 23:27:52.282 [SpringApplicationShutdownHook] INFO  com.zaxxer.hikari.HikariDataSource - HikariPool-1 - Shutdown completed.
2026-07-12 23:29:24.668 [background-preinit] INFO  o.h.validator.internal.util.Version - HV000001: Hibernate Validator 8.0.3.Final
2026-07-12 23:29:24.841 [main] INFO  c.a.leather.AiatelyeApplication - Starting AiatelyeApplication using Java 21.0.8 with PID 14156 (D:\My_project_Spring\Aiatelye\Aiatelye\build\classes\java\main started by elcin in D:\My_project_Spring\Aiatelye\Aiatelye)
2026-07-12 23:29:24.843 [main] INFO  c.a.leather.AiatelyeApplication - No active profile set, falling back to 1 default profile: "default"
2026-07-12 23:29:33.778 [main] INFO  o.s.d.r.c.RepositoryConfigurationDelegate - Multiple Spring Data modules found, entering strict repository configuration mode
2026-07-12 23:29:33.782 [main] INFO  o.s.d.r.c.RepositoryConfigurationDelegate - Bootstrapping Spring Data JPA repositories in DEFAULT mode.
2026-07-12 23:29:34.970 [main] INFO  o.s.d.r.c.RepositoryConfigurationDelegate - Finished Spring Data repository scanning in 1162 ms. Found 16 JPA repository interfaces.
2026-07-12 23:29:35.096 [main] INFO  o.s.d.r.c.RepositoryConfigurationDelegate - Multiple Spring Data modules found, entering strict repository configuration mode
2026-07-12 23:29:35.100 [main] INFO  o.s.d.r.c.RepositoryConfigurationDelegate - Bootstrapping Spring Data Redis repositories in DEFAULT mode.
2026-07-12 23:29:35.222 [main] INFO  o.s.d.r.c.RepositoryConfigurationExtensionSupport - Spring Data Redis - Could not safely identify store assignment for repository candidate interface com.aiatelye.leather.repository.CustomDesignRepository; If you want this repository to be a Redis repository, consider annotating your entities with one of these annotations: org.springframework.data.redis.core.RedisHash (preferred), or consider extending one of the following types with your repository: org.springframework.data.keyvalue.repository.KeyValueRepository
2026-07-12 23:29:35.225 [main] INFO  o.s.d.r.c.RepositoryConfigurationExtensionSupport - Spring Data Redis - Could not safely identify store assignment for repository candidate interface com.aiatelye.leather.repository.DeliveryCountryConfigRepository; If you want this repository to be a Redis repository, consider annotating your entities with one of these annotations: org.springframework.data.redis.core.RedisHash (preferred), or consider extending one of the following types with your repository: org.springframework.data.keyvalue.repository.KeyValueRepository
2026-07-12 23:29:35.228 [main] INFO  o.s.d.r.c.RepositoryConfigurationExtensionSupport - Spring Data Redis - Could not safely identify store assignment for repository candidate interface com.aiatelye.leather.repository.LeatherGradeRepository; If you want this repository to be a Redis repository, consider annotating your entities with one of these annotations: org.springframework.data.redis.core.RedisHash (preferred), or consider extending one of the following types with your repository: org.springframework.data.keyvalue.repository.KeyValueRepository
2026-07-12 23:29:35.230 [main] INFO  o.s.d.r.c.RepositoryConfigurationExtensionSupport - Spring Data Redis - Could not safely identify store assignment for repository candidate interface com.aiatelye.leather.repository.LeatherRepository; If you want this repository to be a Redis repository, consider annotating your entities with one of these annotations: org.springframework.data.redis.core.RedisHash (preferred), or consider extending one of the following types with your repository: org.springframework.data.keyvalue.repository.KeyValueRepository
2026-07-12 23:29:35.232 [main] INFO  o.s.d.r.c.RepositoryConfigurationExtensionSupport - Spring Data Redis - Could not safely identify store assignment for repository candidate interface com.aiatelye.leather.repository.OrderItemRepository; If you want this repository to be a Redis repository, consider annotating your entities with one of these annotations: org.springframework.data.redis.core.RedisHash (preferred), or consider extending one of the following types with your repository: org.springframework.data.keyvalue.repository.KeyValueRepository
2026-07-12 23:29:35.234 [main] INFO  o.s.d.r.c.RepositoryConfigurationExtensionSupport - Spring Data Redis - Could not safely identify store assignment for repository candidate interface com.aiatelye.leather.repository.OrderRepository; If you want this repository to be a Redis repository, consider annotating your entities with one of these annotations: org.springframework.data.redis.core.RedisHash (preferred), or consider extending one of the following types with your repository: org.springframework.data.keyvalue.repository.KeyValueRepository
2026-07-12 23:29:35.235 [main] INFO  o.s.d.r.c.RepositoryConfigurationExtensionSupport - Spring Data Redis - Could not safely identify store assignment for repository candidate interface com.aiatelye.leather.repository.PasswordResetTokenRepository; If you want this repository to be a Redis repository, consider annotating your entities with one of these annotations: org.springframework.data.redis.core.RedisHash (preferred), or consider extending one of the following types with your repository: org.springframework.data.keyvalue.repository.KeyValueRepository
2026-07-12 23:29:35.236 [main] INFO  o.s.d.r.c.RepositoryConfigurationExtensionSupport - Spring Data Redis - Could not safely identify store assignment for repository candidate interface com.aiatelye.leather.repository.PaymentRepository; If you want this repository to be a Redis repository, consider annotating your entities with one of these annotations: org.springframework.data.redis.core.RedisHash (preferred), or consider extending one of the following types with your repository: org.springframework.data.keyvalue.repository.KeyValueRepository
2026-07-12 23:29:35.237 [main] INFO  o.s.d.r.c.RepositoryConfigurationExtensionSupport - Spring Data Redis - Could not safely identify store assignment for repository candidate interface com.aiatelye.leather.repository.PricingRuleRepository; If you want this repository to be a Redis repository, consider annotating your entities with one of these annotations: org.springframework.data.redis.core.RedisHash (preferred), or consider extending one of the following types with your repository: org.springframework.data.keyvalue.repository.KeyValueRepository
2026-07-12 23:29:35.238 [main] INFO  o.s.d.r.c.RepositoryConfigurationExtensionSupport - Spring Data Redis - Could not safely identify store assignment for repository candidate interface com.aiatelye.leather.repository.ProductGradePriceRepository; If you want this repository to be a Redis repository, consider annotating your entities with one of these annotations: org.springframework.data.redis.core.RedisHash (preferred), or consider extending one of the following types with your repository: org.springframework.data.keyvalue.repository.KeyValueRepository
2026-07-12 23:29:35.239 [main] INFO  o.s.d.r.c.RepositoryConfigurationExtensionSupport - Spring Data Redis - Could not safely identify store assignment for repository candidate interface com.aiatelye.leather.repository.ProductImageRepository; If you want this repository to be a Redis repository, consider annotating your entities with one of these annotations: org.springframework.data.redis.core.RedisHash (preferred), or consider extending one of the following types with your repository: org.springframework.data.keyvalue.repository.KeyValueRepository
2026-07-12 23:29:35.246 [main] INFO  o.s.d.r.c.RepositoryConfigurationExtensionSupport - Spring Data Redis - Could not safely identify store assignment for repository candidate interface com.aiatelye.leather.repository.ProductModelRepository; If you want this repository to be a Redis repository, consider annotating your entities with one of these annotations: org.springframework.data.redis.core.RedisHash (preferred), or consider extending one of the following types with your repository: org.springframework.data.keyvalue.repository.KeyValueRepository
2026-07-12 23:29:35.247 [main] INFO  o.s.d.r.c.RepositoryConfigurationExtensionSupport - Spring Data Redis - Could not safely identify store assignment for repository candidate interface com.aiatelye.leather.repository.ShippingLocationRepository; If you want this repository to be a Redis repository, consider annotating your entities with one of these annotations: org.springframework.data.redis.core.RedisHash (preferred), or consider extending one of the following types with your repository: org.springframework.data.keyvalue.repository.KeyValueRepository
2026-07-12 23:29:35.248 [main] INFO  o.s.d.r.c.RepositoryConfigurationExtensionSupport - Spring Data Redis - Could not safely identify store assignment for repository candidate interface com.aiatelye.leather.repository.UserLimitRepository; If you want this repository to be a Redis repository, consider annotating your entities with one of these annotations: org.springframework.data.redis.core.RedisHash (preferred), or consider extending one of the following types with your repository: org.springframework.data.keyvalue.repository.KeyValueRepository
2026-07-12 23:29:35.249 [main] INFO  o.s.d.r.c.RepositoryConfigurationExtensionSupport - Spring Data Redis - Could not safely identify store assignment for repository candidate interface com.aiatelye.leather.repository.UserRepository; If you want this repository to be a Redis repository, consider annotating your entities with one of these annotations: org.springframework.data.redis.core.RedisHash (preferred), or consider extending one of the following types with your repository: org.springframework.data.keyvalue.repository.KeyValueRepository
2026-07-12 23:29:35.251 [main] INFO  o.s.d.r.c.RepositoryConfigurationExtensionSupport - Spring Data Redis - Could not safely identify store assignment for repository candidate interface com.aiatelye.leather.Securty.repository.AuthUserRepository; If you want this repository to be a Redis repository, consider annotating your entities with one of these annotations: org.springframework.data.redis.core.RedisHash (preferred), or consider extending one of the following types with your repository: org.springframework.data.keyvalue.repository.KeyValueRepository
2026-07-12 23:29:35.251 [main] INFO  o.s.d.r.c.RepositoryConfigurationDelegate - Finished Spring Data repository scanning in 106 ms. Found 0 Redis repository interfaces.
2026-07-12 23:29:36.310 [main] INFO  o.s.cloud.context.scope.GenericScope - BeanFactory id=35dc3c04-cf60-3a22-a864-4e0a2a33e972
2026-07-12 23:29:38.260 [main] INFO  o.s.b.w.e.tomcat.TomcatWebServer - Tomcat initialized with port 8080 (http)
2026-07-12 23:29:38.318 [main] INFO  o.a.coyote.http11.Http11NioProtocol - Initializing ProtocolHandler ["http-nio-8080"]
2026-07-12 23:29:38.324 [main] INFO  o.a.catalina.core.StandardService - Starting service [Tomcat]
2026-07-12 23:29:38.326 [main] INFO  o.a.catalina.core.StandardEngine - Starting Servlet engine: [Apache Tomcat/10.1.50]
2026-07-12 23:29:38.684 [main] INFO  o.a.c.c.C.[Tomcat].[localhost].[/] - Initializing Spring embedded WebApplicationContext
2026-07-12 23:29:38.685 [main] INFO  o.s.b.w.s.c.ServletWebServerApplicationContext - Root WebApplicationContext: initialization completed in 13707 ms
2026-07-12 23:29:39.514 [main] INFO  o.h.jpa.internal.util.LogHelper - HHH000204: Processing PersistenceUnitInfo [name: default]
2026-07-12 23:29:39.768 [main] INFO  org.hibernate.Version - HHH000412: Hibernate ORM core version 6.6.41.Final
2026-07-12 23:29:39.946 [main] INFO  o.h.c.i.RegionFactoryInitiator - HHH000026: Second-level cache disabled
2026-07-12 23:29:41.207 [main] INFO  o.s.o.j.p.SpringPersistenceUnitInfo - No LoadTimeWeaver setup: ignoring JPA class transformer
2026-07-12 23:29:41.345 [main] INFO  com.zaxxer.hikari.HikariDataSource - HikariPool-1 - Starting...
2026-07-12 23:29:43.629 [main] INFO  com.zaxxer.hikari.pool.HikariPool - HikariPool-1 - Added connection org.postgresql.jdbc.PgConnection@29d29657
2026-07-12 23:29:43.634 [main] INFO  com.zaxxer.hikari.HikariDataSource - HikariPool-1 - Start completed.
2026-07-12 23:29:44.876 [main] INFO  o.hibernate.orm.connections.pooling - HHH10001005: Database info:
	Database JDBC URL [Connecting through datasource 'HikariDataSource (HikariPool-1)']
	Database driver: undefined/unknown
	Database version: 15.17
	Autocommit mode: undefined/unknown
	Isolation level: undefined/unknown
	Minimum pool size: undefined/unknown
	Maximum pool size: undefined/unknown
2026-07-12 23:29:48.957 [main] INFO  o.h.e.t.j.p.i.JtaPlatformInitiator - HHH000489: No JTA platform available (set 'hibernate.transaction.jta.platform' to enable JTA platform integration)
2026-07-12 23:29:49.475 [main] WARN  o.h.e.jdbc.spi.SqlExceptionHelper - SQL Warning Code: 0, SQLState: 00000
2026-07-12 23:29:49.475 [main] WARN  o.h.e.jdbc.spi.SqlExceptionHelper - constraint "uk781pmjx7kf279uopjhmbwnqhl" of relation "favorites" does not exist, skipping
2026-07-12 23:29:51.176 [main] INFO  o.s.o.j.LocalContainerEntityManagerFactoryBean - Initialized JPA EntityManagerFactory for persistence unit 'default'
2026-07-12 23:29:55.892 [main] INFO  c.a.l.componet.OrderNumberGenerator - Database sequence 'order_number_seq' checked/created successfully.
2026-07-12 23:29:57.056 [main] INFO  o.s.d.j.r.query.QueryEnhancerFactory - Hibernate is in classpath; If applicable, HQL parser will be used.
2026-07-12 23:30:01.639 [main] INFO  o.s.s.c.a.a.c.InitializeAuthenticationProviderBeanManagerConfigurer$InitializeAuthenticationProviderManagerConfigurer - Global AuthenticationManager configured with AuthenticationProvider bean with name daoAuthenticationProvider
2026-07-12 23:30:01.640 [main] WARN  o.s.s.c.a.a.c.InitializeUserDetailsBeanManagerConfigurer$InitializeUserDetailsManagerConfigurer - Global AuthenticationManager configured with an AuthenticationProvider bean. UserDetailsService beans will not be used by Spring Security for automatically configuring username/password login. Consider removing the AuthenticationProvider bean. Alternatively, consider using the UserDetailsService in a manually instantiated DaoAuthenticationProvider. If the current configuration is intentional, to turn off this warning, increase the logging level of 'org.springframework.security.config.annotation.authentication.configuration.InitializeUserDetailsBeanManagerConfigurer' to ERROR
2026-07-12 23:30:03.508 [main] INFO  o.a.coyote.http11.Http11NioProtocol - Starting ProtocolHandler ["http-nio-8080"]
2026-07-12 23:30:03.533 [main] INFO  o.s.b.w.e.tomcat.TomcatWebServer - Tomcat started on port 8080 (http) with context path '/'
2026-07-12 23:30:03.621 [main] INFO  o.s.a.r.c.CachingConnectionFactory - Attempting to connect to: [localhost:5672]
2026-07-12 23:30:04.418 [main] INFO  o.s.a.r.c.CachingConnectionFactory - Created new connection: rabbitConnectionFactory#53ba9105:0/SimpleConnection@2ef43e17 [delegate=amqp://admin@127.0.0.1:5672/, localPort=61127]
2026-07-12 23:30:04.943 [main] INFO  c.a.leather.AiatelyeApplication - Started AiatelyeApplication in 43.205 seconds (process running for 48.1)
2026-07-12 23:30:04.954 [main] INFO  c.a.l.componet.CountryConfigSeeder - Ölkələrin bazada olub-olmaması yoxlanılır...
2026-07-12 23:30:09.072 [main] INFO  c.a.l.componet.CountryConfigSeeder - Bütün çatdırılma ölkələri artıq bazada mövcuddur. Əlavə işləməyə ehtiyac yoxdur.
2026-07-12 23:37:20.115 [http-nio-8080-exec-3] INFO  o.a.c.c.C.[Tomcat].[localhost].[/] - Initializing Spring DispatcherServlet 'dispatcherServlet'
2026-07-12 23:37:20.127 [http-nio-8080-exec-3] INFO  o.s.web.servlet.DispatcherServlet - Initializing Servlet 'dispatcherServlet'
2026-07-12 23:37:20.438 [http-nio-8080-exec-3] INFO  o.s.web.servlet.DispatcherServlet - Completed initialization in 304 ms
2026-07-12 23:37:22.973 [http-nio-8080-exec-3] INFO  c.a.l.c.a.AdminPricingRuleController - GET /api/admin/pricing/rules
2026-07-12 23:37:23.082 [http-nio-8080-exec-3] INFO  c.a.l.s.pricing.PricingRuleService - Fetching pricing rules, activeOnly: false
2026-07-12 23:37:24.284 [http-nio-8080-exec-5] INFO  c.a.l.c.a.AdminPricingRuleController - GET /api/admin/pricing/rules
2026-07-12 23:37:24.288 [http-nio-8080-exec-5] INFO  c.a.l.s.pricing.PricingRuleService - Fetching pricing rules, activeOnly: false
2026-07-12 23:37:45.196 [http-nio-8080-exec-2] INFO  c.a.l.c.a.AdminPricingRuleController - GET /api/admin/pricing/rules
2026-07-12 23:37:45.410 [http-nio-8080-exec-2] INFO  c.a.l.s.pricing.PricingRuleService - Fetching pricing rules, activeOnly: false
2026-07-12 23:37:45.649 [http-nio-8080-exec-3] INFO  c.a.l.c.a.AdminPricingRuleController - GET /api/admin/pricing/rules
2026-07-12 23:37:45.650 [http-nio-8080-exec-3] INFO  c.a.l.s.pricing.PricingRuleService - Fetching pricing rules, activeOnly: false
2026-07-12 23:38:13.525 [http-nio-8080-exec-5] INFO  c.a.l.c.a.AdminPricingRuleController - GET /api/admin/pricing/rules
2026-07-12 23:38:13.588 [http-nio-8080-exec-5] INFO  c.a.l.s.pricing.PricingRuleService - Fetching pricing rules, activeOnly: false
2026-07-12 23:38:13.646 [http-nio-8080-exec-7] INFO  c.a.l.c.a.AdminPricingRuleController - GET /api/admin/pricing/rules
2026-07-12 23:38:13.648 [http-nio-8080-exec-7] INFO  c.a.l.s.pricing.PricingRuleService - Fetching pricing rules, activeOnly: false
2026-07-12 23:38:40.997 [http-nio-8080-exec-2] INFO  c.a.l.c.a.AdminProductsController - GET /api/admin/products - filter: ProductModelFilter(id=null, modelname=null, modelType=null, availabilityStatus=null, isActive=null, from=null, to=null), page: Page request [number: 0, size 12, sort: createdAt: DESC]
2026-07-12 23:38:41.030 [http-nio-8080-exec-2] INFO  c.a.l.s.c.AdminProductModelService - Admin fetching ALL product models (including inactive/draft) with filter: ProductModelFilter(id=null, modelname=null, modelType=null, availabilityStatus=null, isActive=null, from=null, to=null)
2026-07-12 23:42:19.926 [org.springframework.amqp.rabbit.RabbitListenerEndpointContainer#0-2] INFO  o.s.a.r.l.SimpleMessageListenerContainer - Waiting for workers to finish.
2026-07-12 23:42:20.040 [org.springframework.amqp.rabbit.RabbitListenerEndpointContainer#0-2] INFO  o.s.a.r.l.SimpleMessageListenerContainer - Successfully waited for workers to finish.
2026-07-12 23:42:20.089 [SpringApplicationShutdownHook] INFO  o.s.b.w.e.tomcat.GracefulShutdown - Commencing graceful shutdown. Waiting for active requests to complete
2026-07-12 23:42:20.192 [tomcat-shutdown] INFO  o.s.b.w.e.tomcat.GracefulShutdown - Graceful shutdown complete
